Archive member included to satisfy reference by file (symbol)

/home/bichar4/STM32Toolchain/gcc-arm/bin/../lib/gcc/arm-none-eabi/7.2.1/thumb/v7e-m/libgcc.a(unwind-arm.o)
                              ./system/src/newlib/_cxx.o (__aeabi_unwind_cpp_pr1)
/home/bichar4/STM32Toolchain/gcc-arm/bin/../lib/gcc/arm-none-eabi/7.2.1/thumb/v7e-m/libgcc.a(libunwind.o)
                              /home/bichar4/STM32Toolchain/gcc-arm/bin/../lib/gcc/arm-none-eabi/7.2.1/thumb/v7e-m/libgcc.a(unwind-arm.o) (restore_core_regs)
/home/bichar4/STM32Toolchain/gcc-arm/bin/../lib/gcc/arm-none-eabi/7.2.1/thumb/v7e-m/libgcc.a(pr-support.o)
                              /home/bichar4/STM32Toolchain/gcc-arm/bin/../lib/gcc/arm-none-eabi/7.2.1/thumb/v7e-m/libgcc.a(unwind-arm.o) (__gnu_unwind_execute)
/home/bichar4/STM32Toolchain/gcc-arm/bin/../lib/gcc/arm-none-eabi/7.2.1/../../../../arm-none-eabi/lib/thumb/v7e-m/libg_nano.a(lib_a-errno.o)
                              ./system/src/newlib/_sbrk.o (__errno)
/home/bichar4/STM32Toolchain/gcc-arm/bin/../lib/gcc/arm-none-eabi/7.2.1/../../../../arm-none-eabi/lib/thumb/v7e-m/libg_nano.a(lib_a-impure.o)
                              /home/bichar4/STM32Toolchain/gcc-arm/bin/../lib/gcc/arm-none-eabi/7.2.1/../../../../arm-none-eabi/lib/thumb/v7e-m/libg_nano.a(lib_a-errno.o) (_impure_ptr)
/home/bichar4/STM32Toolchain/gcc-arm/bin/../lib/gcc/arm-none-eabi/7.2.1/../../../../arm-none-eabi/lib/thumb/v7e-m/libg_nano.a(lib_a-init.o)
                              ./system/src/cmsis/startup_stm32f103xb.o (__libc_init_array)
/home/bichar4/STM32Toolchain/gcc-arm/bin/../lib/gcc/arm-none-eabi/7.2.1/../../../../arm-none-eabi/lib/thumb/v7e-m/libg_nano.a(lib_a-memcpy-stub.o)
                              /home/bichar4/STM32Toolchain/gcc-arm/bin/../lib/gcc/arm-none-eabi/7.2.1/thumb/v7e-m/libgcc.a(unwind-arm.o) (memcpy)
/home/bichar4/STM32Toolchain/gcc-arm/bin/../lib/gcc/arm-none-eabi/7.2.1/../../../../arm-none-eabi/lib/thumb/v7e-m/libg_nano.a(lib_a-strlen.o)
                              ./system/src/diag/Trace.o (strlen)
/home/bichar4/STM32Toolchain/gcc-arm/bin/../lib/gcc/arm-none-eabi/7.2.1/../../../../arm-none-eabi/lib/thumb/v7e-m/libg_nano.a(lib_a-vsnprintf.o)
                              ./system/src/diag/Trace.o (vsnprintf)
/home/bichar4/STM32Toolchain/gcc-arm/bin/../lib/gcc/arm-none-eabi/7.2.1/../../../../arm-none-eabi/lib/thumb/v7e-m/libg_nano.a(lib_a-nano-svfprintf.o)
                              /home/bichar4/STM32Toolchain/gcc-arm/bin/../lib/gcc/arm-none-eabi/7.2.1/../../../../arm-none-eabi/lib/thumb/v7e-m/libg_nano.a(lib_a-vsnprintf.o) (_svfprintf_r)
/home/bichar4/STM32Toolchain/gcc-arm/bin/../lib/gcc/arm-none-eabi/7.2.1/../../../../arm-none-eabi/lib/thumb/v7e-m/libg_nano.a(lib_a-nano-vfprintf_i.o)
                              /home/bichar4/STM32Toolchain/gcc-arm/bin/../lib/gcc/arm-none-eabi/7.2.1/../../../../arm-none-eabi/lib/thumb/v7e-m/libg_nano.a(lib_a-nano-svfprintf.o) (_printf_i)
/home/bichar4/STM32Toolchain/gcc-arm/bin/../lib/gcc/arm-none-eabi/7.2.1/../../../../arm-none-eabi/lib/thumb/v7e-m/libg_nano.a(lib_a-memchr.o)
                              /home/bichar4/STM32Toolchain/gcc-arm/bin/../lib/gcc/arm-none-eabi/7.2.1/../../../../arm-none-eabi/lib/thumb/v7e-m/libg_nano.a(lib_a-nano-svfprintf.o) (memchr)
/home/bichar4/STM32Toolchain/gcc-arm/bin/../lib/gcc/arm-none-eabi/7.2.1/../../../../arm-none-eabi/lib/thumb/v7e-m/libg_nano.a(lib_a-memmove.o)
                              /home/bichar4/STM32Toolchain/gcc-arm/bin/../lib/gcc/arm-none-eabi/7.2.1/../../../../arm-none-eabi/lib/thumb/v7e-m/libg_nano.a(lib_a-nano-svfprintf.o) (memmove)
/home/bichar4/STM32Toolchain/gcc-arm/bin/../lib/gcc/arm-none-eabi/7.2.1/../../../../arm-none-eabi/lib/thumb/v7e-m/libg_nano.a(lib_a-nano-freer.o)
                              /home/bichar4/STM32Toolchain/gcc-arm/bin/../lib/gcc/arm-none-eabi/7.2.1/../../../../arm-none-eabi/lib/thumb/v7e-m/libg_nano.a(lib_a-nano-svfprintf.o) (_free_r)
/home/bichar4/STM32Toolchain/gcc-arm/bin/../lib/gcc/arm-none-eabi/7.2.1/../../../../arm-none-eabi/lib/thumb/v7e-m/libg_nano.a(lib_a-nano-mallocr.o)
                              /home/bichar4/STM32Toolchain/gcc-arm/bin/../lib/gcc/arm-none-eabi/7.2.1/../../../../arm-none-eabi/lib/thumb/v7e-m/libg_nano.a(lib_a-nano-svfprintf.o) (_malloc_r)
/home/bichar4/STM32Toolchain/gcc-arm/bin/../lib/gcc/arm-none-eabi/7.2.1/../../../../arm-none-eabi/lib/thumb/v7e-m/libg_nano.a(lib_a-nano-reallocr.o)
                              /home/bichar4/STM32Toolchain/gcc-arm/bin/../lib/gcc/arm-none-eabi/7.2.1/../../../../arm-none-eabi/lib/thumb/v7e-m/libg_nano.a(lib_a-nano-svfprintf.o) (_realloc_r)
/home/bichar4/STM32Toolchain/gcc-arm/bin/../lib/gcc/arm-none-eabi/7.2.1/../../../../arm-none-eabi/lib/thumb/v7e-m/libg_nano.a(lib_a-sbrkr.o)
                              /home/bichar4/STM32Toolchain/gcc-arm/bin/../lib/gcc/arm-none-eabi/7.2.1/../../../../arm-none-eabi/lib/thumb/v7e-m/libg_nano.a(lib_a-nano-mallocr.o) (_sbrk_r)
[...]
Memory Configuration

Name             Origin             Length             Attributes
FLASH            0x0000000008000000 0x0000000000010000 xr
RAM              0x0000000020000000 0x0000000000005000 xrw
CCMRAM           0x0000000010000000 0x0000000000000000 xrw
FLASHB1          0x0000000000000000 0x0000000000000000 xr
EXTMEMB0         0x0000000000000000 0x0000000000000000 xr
EXTMEMB1         0x0000000000000000 0x0000000000000000 xr
EXTMEMB2         0x0000000000000000 0x0000000000000000 xr
EXTMEMB3         0x0000000000000000 0x0000000000000000 xr
*default*        0x0000000000000000 0xffffffffffffffff

Linker script and memory map

LOAD ./system/src/stm32f1xx/stm32f1xx_hal.o
LOAD ./system/src/stm32f1xx/stm32f1xx_hal_cortex.o
LOAD ./system/src/stm32f1xx/stm32f1xx_hal_dma.o
LOAD ./system/src/stm32f1xx/stm32f1xx_hal_flash.o
LOAD ./system/src/stm32f1xx/stm32f1xx_hal_flash_ex.o
LOAD ./system/src/stm32f1xx/stm32f1xx_hal_gpio.o
LOAD ./system/src/stm32f1xx/stm32f1xx_hal_gpio_ex.o
LOAD ./system/src/stm32f1xx/stm32f1xx_hal_pwr.o
LOAD ./system/src/stm32f1xx/stm32f1xx_hal_rcc.o
LOAD ./system/src/stm32f1xx/stm32f1xx_hal_rcc_ex.o
LOAD ./system/src/stm32f1xx/stm32f1xx_hal_tim.o
LOAD ./system/src/stm32f1xx/stm32f1xx_hal_tim_ex.o
LOAD ./system/src/newlib/_cxx.o
LOAD ./system/src/newlib/_exit.o
LOAD ./system/src/newlib/_sbrk.o
LOAD ./system/src/newlib/_startup.o
LOAD ./system/src/newlib/_syscalls.o
LOAD ./system/src/newlib/assert.o
LOAD ./system/src/diag/Trace.o
LOAD ./system/src/diag/trace_impl.o
LOAD ./system/src/cortexm/_initialize_hardware.o
LOAD ./system/src/cortexm/_reset_hardware.o
LOAD ./system/src/cortexm/exception_handlers.o
LOAD ./system/src/cmsis/startup_stm32f103xb.o
LOAD ./system/src/cmsis/system_stm32f1xx.o
LOAD ./src/main.o
LOAD ./src/stm32f1xx_hal_msp.o
LOAD ./src/stm32f1xx_it.o
LOAD /home/bichar4/STM32Toolchain/gcc-arm/bin/../lib/gcc/arm-none-eabi/7.2.1/../../../../arm-none-eabi/lib/thumb/v7e-m/libstdc++_nano.a
LOAD /home/bichar4/STM32Toolchain/gcc-arm/bin/../lib/gcc/arm-none-eabi/7.2.1/../../../../arm-none-eabi/lib/thumb/v7e-m/libm.a
START GROUP
LOAD /home/bichar4/STM32Toolchain/gcc-arm/bin/../lib/gcc/arm-none-eabi/7.2.1/thumb/v7e-m/libgcc.a
LOAD /home/bichar4/STM32Toolchain/gcc-arm/bin/../lib/gcc/arm-none-eabi/7.2.1/../../../../arm-none-eabi/lib/thumb/v7e-m/libg_nano.a
LOAD /home/bichar4/STM32Toolchain/gcc-arm/bin/../lib/gcc/arm-none-eabi/7.2.1/../../../../arm-none-eabi/lib/thumb/v7e-m/libc_nano.a
END GROUP
START GROUP
LOAD /home/bichar4/STM32Toolchain/gcc-arm/bin/../lib/gcc/arm-none-eabi/7.2.1/thumb/v7e-m/libgcc.a
LOAD /home/bichar4/STM32Toolchain/gcc-arm/bin/../lib/gcc/arm-none-eabi/7.2.1/../../../../arm-none-eabi/lib/thumb/v7e-m/libc_nano.a
END GROUP
                0x0000000020005000                __stack = (ORIGIN (RAM) + LENGTH (RAM))
                0x0000000020005000                _estack = __stack
                0x0000000000000400                __Main_Stack_Size = 0x400
                [!provide]                        PROVIDE (_Main_Stack_Size, __Main_Stack_Size)
                0x0000000020004c00                __Main_Stack_Limit = (__stack - __Main_Stack_Size)
                [!provide]                        PROVIDE (_Main_Stack_Limit, __Main_Stack_Limit)
                0x0000000000000100                _Minimum_Stack_Size = 0x100
                0x0000000020000120                PROVIDE (_Heap_Begin, _end_noinit)
                0x0000000020004c00                PROVIDE (_Heap_Limit, (__stack - __Main_Stack_Size))

.isr_vector     0x0000000008000000      0x324
 FILL mask 0xff
                0x0000000008000000                __vectors_start = ABSOLUTE (.)
                0x0000000008000000                __vectors_start__ = ABSOLUTE (.)
 *(.isr_vector)
 .isr_vector    0x0000000008000000      0x10c ./system/src/cmsis/startup_stm32f103xb.o
                0x0000000008000000                g_pfnVectors
 *(.cfmconfig)
 *(.after_vectors .after_vectors.*)
 .after_vectors
                0x000000000800010c      0x114 ./system/src/newlib/_startup.o
                0x000000000800010c                _start
 .after_vectors
                0x0000000008000220      0x104 ./system/src/cortexm/exception_handlers.o
                0x0000000008000220                Reset_Handler
                0x000000000800023e                HardFault_Handler_C
                0x000000000800028c                BusFault_Handler_C
                0x00000000080002d4                UsageFault_Handler_C

.inits          0x0000000008000324       0x28
                0x0000000008000324                __data_regions_array_start = .
                0x0000000008000324        0x4 LONG 0x8001bb4 LOADADDR (.data)
                0x0000000008000328        0x4 LONG 0x20000000 ADDR (.data)
                0x000000000800032c        0x4 LONG 0x20000080 (ADDR (.data) + SIZEOF (.data))
                0x0000000008000330        0x4 LONG 0x8001bb4 LOADADDR (.data_CCMRAM)
                0x0000000008000334        0x4 LONG 0x10000000 ADDR (.data_CCMRAM)
                0x0000000008000338        0x4 LONG 0x10000000 (ADDR (.data_CCMRAM) + SIZEOF (.data_CCMRAM))
                0x000000000800033c                __data_regions_array_end = .
                0x000000000800033c                __bss_regions_array_start = .
                0x000000000800033c        0x4 LONG 0x20000080 ADDR (.bss)
                0x0000000008000340        0x4 LONG 0x20000120 (ADDR (.bss) + SIZEOF (.bss))
                0x0000000008000344        0x4 LONG 0x10000000 ADDR (.bss_CCMRAM)
                0x0000000008000348        0x4 LONG 0x10000000 (ADDR (.bss_CCMRAM) + SIZEOF (.bss_CCMRAM))
                0x000000000800034c                __bss_regions_array_end = .
 *(.init)
 *(.fini)
                0x000000000800034c                . = ALIGN (0x4)
                0x000000000800034c                PROVIDE (__preinit_array_start, .)
 *(.preinit_array_sysinit .preinit_array_sysinit.*)
 *(.preinit_array_platform .preinit_array_platform.*)
 *(.preinit_array .preinit_array.*)
                0x000000000800034c                PROVIDE (__preinit_array_end, .)
                0x000000000800034c                . = ALIGN (0x4)
                0x000000000800034c                PROVIDE (__init_array_start, .)
 *(SORT_BY_NAME(.init_array.*))
 *(.init_array)
                0x000000000800034c                PROVIDE (__init_array_end, .)
                0x000000000800034c                . = ALIGN (0x4)
                0x000000000800034c                PROVIDE (__fini_array_start, .)
 *(SORT_BY_NAME(.fini_array.*))
 *(.fini_array)
                0x000000000800034c                PROVIDE (__fini_array_end, .)

.flashtext
 *(.flashtext .flashtext.*)

.text           0x0000000008000350     0x1863
 *(.text .text.*)
 .text.HAL_InitTick
                0x0000000008000350       0x4c ./system/src/stm32f1xx/stm32f1xx_hal.o
                0x0000000008000350                HAL_InitTick
 .text.HAL_Init
                0x000000000800039c       0x24 ./system/src/stm32f1xx/stm32f1xx_hal.o
                0x000000000800039c                HAL_Init
 .text.HAL_IncTick
                0x00000000080003c0       0x18 ./system/src/stm32f1xx/stm32f1xx_hal.o
                0x00000000080003c0                HAL_IncTick
 .text.HAL_GetTick
                0x00000000080003d8        0xc ./system/src/stm32f1xx/stm32f1xx_hal.o
                0x00000000080003d8                HAL_GetTick
 .text.HAL_Delay
                0x00000000080003e4       0x28 ./system/src/stm32f1xx/stm32f1xx_hal.o
                0x00000000080003e4                HAL_Delay
 .text.HAL_NVIC_SetPriorityGrouping
                0x000000000800040c       0x24 ./system/src/stm32f1xx/stm32f1xx_hal_cortex.o
                0x000000000800040c                HAL_NVIC_SetPriorityGrouping
 .text.HAL_NVIC_SetPriority
                0x0000000008000430       0x68 ./system/src/stm32f1xx/stm32f1xx_hal_cortex.o
                0x0000000008000430                HAL_NVIC_SetPriority
 .text.HAL_NVIC_EnableIRQ
                0x0000000008000498       0x18 ./system/src/stm32f1xx/stm32f1xx_hal_cortex.o
                0x0000000008000498                HAL_NVIC_EnableIRQ
 .text.HAL_SYSTICK_Config
                0x00000000080004b0       0x2c ./system/src/stm32f1xx/stm32f1xx_hal_cortex.o
                0x00000000080004b0                HAL_SYSTICK_Config
 .text.HAL_SYSTICK_CLKSourceConfig
                0x00000000080004dc       0x20 ./system/src/stm32f1xx/stm32f1xx_hal_cortex.o
                0x00000000080004dc                HAL_SYSTICK_CLKSourceConfig
 .text.HAL_SYSTICK_Callback
                0x00000000080004fc        0x2 ./system/src/stm32f1xx/stm32f1xx_hal_cortex.o
                0x00000000080004fc                HAL_SYSTICK_Callback
 .text.HAL_SYSTICK_IRQHandler
                0x00000000080004fe        0x8 ./system/src/stm32f1xx/stm32f1xx_hal_cortex.o
                0x00000000080004fe                HAL_SYSTICK_IRQHandler
 *fill*         0x0000000008000506        0x2 
 .text.HAL_GPIO_Init
                0x0000000008000508      0x1d4 ./system/src/stm32f1xx/stm32f1xx_hal_gpio.o
                0x0000000008000508                HAL_GPIO_Init
 .text.HAL_GPIO_TogglePin
                0x00000000080006dc        0x8 ./system/src/stm32f1xx/stm32f1xx_hal_gpio.o
                0x00000000080006dc                HAL_GPIO_TogglePin
 .text.RCC_Delay
                0x00000000080006e4       0x2c ./system/src/stm32f1xx/stm32f1xx_hal_rcc.o
 .text.HAL_RCC_OscConfig
                0x0000000008000710      0x3dc ./system/src/stm32f1xx/stm32f1xx_hal_rcc.o
                0x0000000008000710                HAL_RCC_OscConfig
 .text.HAL_RCC_GetSysClockFreq
                0x0000000008000aec       0x70 ./system/src/stm32f1xx/stm32f1xx_hal_rcc.o
                0x0000000008000aec                HAL_RCC_GetSysClockFreq
 .text.HAL_RCC_ClockConfig
                0x0000000008000b5c      0x178 ./system/src/stm32f1xx/stm32f1xx_hal_rcc.o
                0x0000000008000b5c                HAL_RCC_ClockConfig
 .text.HAL_RCC_GetHCLKFreq
                0x0000000008000cd4        0xc ./system/src/stm32f1xx/stm32f1xx_hal_rcc.o
                0x0000000008000cd4                HAL_RCC_GetHCLKFreq
 .text._exit    0x0000000008000ce0        0x2 ./system/src/newlib/_exit.o
                0x0000000008000ce0                _exit
 *fill*         0x0000000008000ce2        0x2 
 .text._sbrk    0x0000000008000ce4       0x44 ./system/src/newlib/_sbrk.o
                0x0000000008000ce4                _sbrk
 .text.__initialize_args
                0x0000000008000d28       0x10 ./system/src/newlib/_syscalls.o
                0x0000000008000d28                __initialize_args
 .text.trace_printf
                0x0000000008000d38       0x30 ./system/src/diag/Trace.o
                0x0000000008000d38                trace_printf
 .text.trace_write
                0x0000000008000d68        0x6 ./system/src/diag/trace_impl.o
                0x0000000008000d68                trace_write
 *fill*         0x0000000008000d6e        0x2 
 .text.__initialize_hardware_early
                0x0000000008000d70       0x18 ./system/src/cortexm/_initialize_hardware.o
                0x0000000008000d70                __initialize_hardware_early
 .text.__initialize_hardware
                0x0000000008000d88        0x8 ./system/src/cortexm/_initialize_hardware.o
                0x0000000008000d88                __initialize_hardware
 .text.dumpExceptionStack
                0x0000000008000d90       0xf4 ./system/src/cortexm/exception_handlers.o
                0x0000000008000d90                dumpExceptionStack
 .text.Default_Handler
                0x0000000008000e84        0x2 ./system/src/cmsis/startup_stm32f103xb.o
                0x0000000008000e84                RTC_Alarm_IRQHandler
                0x0000000008000e84                EXTI2_IRQHandler
                0x0000000008000e84                TIM1_CC_IRQHandler
                0x0000000008000e84                PVD_IRQHandler
                0x0000000008000e84                EXTI3_IRQHandler
                0x0000000008000e84                EXTI0_IRQHandler
                0x0000000008000e84                I2C2_EV_IRQHandler
                0x0000000008000e84                ADC1_2_IRQHandler
                0x0000000008000e84                SPI1_IRQHandler
                0x0000000008000e84                TAMPER_IRQHandler
                0x0000000008000e84                DMA1_Channel4_IRQHandler
                0x0000000008000e84                USART3_IRQHandler
                0x0000000008000e84                RTC_IRQHandler
                0x0000000008000e84                DMA1_Channel7_IRQHandler
                0x0000000008000e84                CAN1_RX1_IRQHandler
                0x0000000008000e84                TIM4_IRQHandler
                0x0000000008000e84                I2C1_EV_IRQHandler
                0x0000000008000e84                DMA1_Channel6_IRQHandler
                0x0000000008000e84                TIM3_IRQHandler
                0x0000000008000e84                RCC_IRQHandler
                0x0000000008000e84                TIM1_TRG_COM_IRQHandler
                0x0000000008000e84                DMA1_Channel1_IRQHandler
                0x0000000008000e84                Default_Handler
                0x0000000008000e84                EXTI15_10_IRQHandler
                0x0000000008000e84                EXTI9_5_IRQHandler
                0x0000000008000e84                SPI2_IRQHandler
                0x0000000008000e84                DMA1_Channel5_IRQHandler
                0x0000000008000e84                EXTI4_IRQHandler
                0x0000000008000e84                USB_LP_CAN1_RX0_IRQHandler
                0x0000000008000e84                USB_HP_CAN1_TX_IRQHandler
                0x0000000008000e84                DMA1_Channel3_IRQHandler
                0x0000000008000e84                TIM1_UP_IRQHandler
                0x0000000008000e84                WWDG_IRQHandler
                0x0000000008000e84                TIM2_IRQHandler
                0x0000000008000e84                TIM1_BRK_IRQHandler
                0x0000000008000e84                EXTI1_IRQHandler
                0x0000000008000e84                USART2_IRQHandler
                0x0000000008000e84                I2C2_ER_IRQHandler
                0x0000000008000e84                DMA1_Channel2_IRQHandler
                0x0000000008000e84                CAN1_SCE_IRQHandler
                0x0000000008000e84                FLASH_IRQHandler
                0x0000000008000e84                USART1_IRQHandler
                0x0000000008000e84                I2C1_ER_IRQHandler
                0x0000000008000e84                USBWakeUp_IRQHandler
 *fill*         0x0000000008000e86        0x2 
 .text.SystemInit
                0x0000000008000e88       0x4c ./system/src/cmsis/system_stm32f1xx.o
                0x0000000008000e88                SystemInit
 .text.SystemCoreClockUpdate
                0x0000000008000ed4       0x94 ./system/src/cmsis/system_stm32f1xx.o
                0x0000000008000ed4                SystemCoreClockUpdate
 .text.MX_GPIO_Init
                0x0000000008000f68       0x60 ./src/main.o
 .text._Error_Handler
                0x0000000008000fc8        0x2 ./src/main.o
                0x0000000008000fc8                _Error_Handler
 *fill*         0x0000000008000fca        0x2 
 .text.SystemClock_Config
                0x0000000008000fcc       0x74 ./src/main.o
                0x0000000008000fcc                SystemClock_Config
 .text.main     0x0000000008001040       0x24 ./src/main.o
                0x0000000008001040                main
 .text.HAL_MspInit
                0x0000000008001064       0x90 ./src/stm32f1xx_hal_msp.o
                0x0000000008001064                HAL_MspInit
 .text.NMI_Handler
                0x00000000080010f4        0x2 ./src/stm32f1xx_it.o
                0x00000000080010f4                NMI_Handler
 .text.HardFault_Handler
                0x00000000080010f6        0x2 ./src/stm32f1xx_it.o
                0x00000000080010f6                HardFault_Handler
 .text.MemManage_Handler
                0x00000000080010f8        0x2 ./src/stm32f1xx_it.o
                0x00000000080010f8                MemManage_Handler
 .text.BusFault_Handler
                0x00000000080010fa        0x2 ./src/stm32f1xx_it.o
                0x00000000080010fa                BusFault_Handler
 .text.UsageFault_Handler
                0x00000000080010fc        0x2 ./src/stm32f1xx_it.o
                0x00000000080010fc                UsageFault_Handler
 .text.SVC_Handler
                0x00000000080010fe        0x2 ./src/stm32f1xx_it.o
                0x00000000080010fe                SVC_Handler
 .text.DebugMon_Handler
                0x0000000008001100        0x2 ./src/stm32f1xx_it.o
                0x0000000008001100                DebugMon_Handler
 .text.PendSV_Handler
                0x0000000008001102        0x2 ./src/stm32f1xx_it.o
                0x0000000008001102                PendSV_Handler
 .text.SysTick_Handler
                0x0000000008001104        0xc ./src/stm32f1xx_it.o
                0x0000000008001104                SysTick_Handler
 .text.__errno  0x0000000008001110        0xc /home/bichar4/STM32Toolchain/gcc-arm/bin/../lib/gcc/arm-none-eabi/7.2.1/../../../../arm-none-eabi/lib/thumb/v7e-m/libg_nano.a(lib_a-errno.o)
                0x0000000008001110                __errno
 .text.memcpy   0x000000000800111c       0x16 /home/bichar4/STM32Toolchain/gcc-arm/bin/../lib/gcc/arm-none-eabi/7.2.1/../../../../arm-none-eabi/lib/thumb/v7e-m/libg_nano.a(lib_a-memcpy-stub.o)
                0x000000000800111c                memcpy
 .text._vsnprintf_r
                0x0000000008001132       0x58 /home/bichar4/STM32Toolchain/gcc-arm/bin/../lib/gcc/arm-none-eabi/7.2.1/../../../../arm-none-eabi/lib/thumb/v7e-m/libg_nano.a(lib_a-vsnprintf.o)
                0x0000000008001132                _vsnprintf_r
                0x0000000008001132                _vsniprintf_r
 *fill*         0x000000000800118a        0x2 
 .text.vsnprintf
                0x000000000800118c       0x1c /home/bichar4/STM32Toolchain/gcc-arm/bin/../lib/gcc/arm-none-eabi/7.2.1/../../../../arm-none-eabi/lib/thumb/v7e-m/libg_nano.a(lib_a-vsnprintf.o)
                0x000000000800118c                vsnprintf
                0x000000000800118c                vsniprintf
 .text.__ssputs_r
                0x00000000080011a8       0xb4 /home/bichar4/STM32Toolchain/gcc-arm/bin/../lib/gcc/arm-none-eabi/7.2.1/../../../../arm-none-eabi/lib/thumb/v7e-m/libg_nano.a(lib_a-nano-svfprintf.o)
                0x00000000080011a8                __ssputs_r
 .text._svfprintf_r
                0x000000000800125c      0x1ec /home/bichar4/STM32Toolchain/gcc-arm/bin/../lib/gcc/arm-none-eabi/7.2.1/../../../../arm-none-eabi/lib/thumb/v7e-m/libg_nano.a(lib_a-nano-svfprintf.o)
                0x000000000800125c                _svfprintf_r
                0x000000000800125c                _svfiprintf_r
 .text._printf_common
                0x0000000008001448       0xea /home/bichar4/STM32Toolchain/gcc-arm/bin/../lib/gcc/arm-none-eabi/7.2.1/../../../../arm-none-eabi/lib/thumb/v7e-m/libg_nano.a(lib_a-nano-vfprintf_i.o)
                0x0000000008001448                _printf_common
 *fill*         0x0000000008001532        0x2 
 .text._printf_i
                0x0000000008001534      0x224 /home/bichar4/STM32Toolchain/gcc-arm/bin/../lib/gcc/arm-none-eabi/7.2.1/../../../../arm-none-eabi/lib/thumb/v7e-m/libg_nano.a(lib_a-nano-vfprintf_i.o)
                0x0000000008001534                _printf_i
 *fill*         0x0000000008001758        0x8 
 .text          0x0000000008001760       0xa0 /home/bichar4/STM32Toolchain/gcc-arm/bin/../lib/gcc/arm-none-eabi/7.2.1/../../../../arm-none-eabi/lib/thumb/v7e-m/libg_nano.a(lib_a-memchr.o)
                0x0000000008001760                memchr
 .text.memmove  0x0000000008001800       0x32 /home/bichar4/STM32Toolchain/gcc-arm/bin/../lib/gcc/arm-none-eabi/7.2.1/../../../../arm-none-eabi/lib/thumb/v7e-m/libg_nano.a(lib_a-memmove.o)
                0x0000000008001800                memmove
 *fill*         0x0000000008001832        0x2 
 .text._free_r  0x0000000008001834       0x9c /home/bichar4/STM32Toolchain/gcc-arm/bin/../lib/gcc/arm-none-eabi/7.2.1/../../../../arm-none-eabi/lib/thumb/v7e-m/libg_nano.a(lib_a-nano-freer.o)
                0x0000000008001834                _free_r
 .text._malloc_r
                0x00000000080018d0       0xb4 /home/bichar4/STM32Toolchain/gcc-arm/bin/../lib/gcc/arm-none-eabi/7.2.1/../../../../arm-none-eabi/lib/thumb/v7e-m/libg_nano.a(lib_a-nano-mallocr.o)
                0x00000000080018d0                _malloc_r
 .text._realloc_r
                0x0000000008001984       0x4c /home/bichar4/STM32Toolchain/gcc-arm/bin/../lib/gcc/arm-none-eabi/7.2.1/../../../../arm-none-eabi/lib/thumb/v7e-m/libg_nano.a(lib_a-nano-reallocr.o)
                0x0000000008001984                _realloc_r
 .text._sbrk_r  0x00000000080019d0       0x20 /home/bichar4/STM32Toolchain/gcc-arm/bin/../lib/gcc/arm-none-eabi/7.2.1/../../../../arm-none-eabi/lib/thumb/v7e-m/libg_nano.a(lib_a-sbrkr.o)
                0x00000000080019d0                _sbrk_r
 .text.__malloc_lock
                0x00000000080019f0        0x2 /home/bichar4/STM32Toolchain/gcc-arm/bin/../lib/gcc/arm-none-eabi/7.2.1/../../../../arm-none-eabi/lib/thumb/v7e-m/libg_nano.a(lib_a-mlock.o)
                0x00000000080019f0                __malloc_lock
 .text.__malloc_unlock
                0x00000000080019f2        0x2 /home/bichar4/STM32Toolchain/gcc-arm/bin/../lib/gcc/arm-none-eabi/7.2.1/../../../../arm-none-eabi/lib/thumb/v7e-m/libg_nano.a(lib_a-mlock.o)
                0x00000000080019f2                __malloc_unlock
 .text._malloc_usable_size_r
                0x00000000080019f4       0x10 /home/bichar4/STM32Toolchain/gcc-arm/bin/../lib/gcc/arm-none-eabi/7.2.1/../../../../arm-none-eabi/lib/thumb/v7e-m/libg_nano.a(lib_a-nano-msizer.o)
                0x00000000080019f4                _malloc_usable_size_r
 *(.rodata .rodata.* .constdata .constdata.*)
 .rodata        0x0000000008001a04       0x12 ./system/src/stm32f1xx/stm32f1xx_hal_rcc.o
 *fill*         0x0000000008001a16        0x2 
 .rodata.dumpExceptionStack.str1.4
                0x0000000008001a18      0x11a ./system/src/cortexm/exception_handlers.o
 *fill*         0x0000000008001b32        0x2 
 .rodata.str1.4
                0x0000000008001b34       0x2a ./system/src/cortexm/exception_handlers.o
 *fill*         0x0000000008001b5e        0x2 
 .rodata.AHBPrescTable
                0x0000000008001b60       0x10 ./system/src/cmsis/system_stm32f1xx.o
                0x0000000008001b60                AHBPrescTable
 .rodata.SystemClock_Config.str1.4
                0x0000000008001b70       0x10 ./src/main.o
                                          0xe (size before relaxing)
 .rodata._svfprintf_r.str1.1
                0x0000000008001b80       0x11 /home/bichar4/STM32Toolchain/gcc-arm/bin/../lib/gcc/arm-none-eabi/7.2.1/../../../../arm-none-eabi/lib/thumb/v7e-m/libg_nano.a(lib_a-nano-svfprintf.o)
 .rodata._printf_i.str1.1
                0x0000000008001b91       0x22 /home/bichar4/STM32Toolchain/gcc-arm/bin/../lib/gcc/arm-none-eabi/7.2.1/../../../../arm-none-eabi/lib/thumb/v7e-m/libg_nano.a(lib_a-nano-vfprintf_i.o)
 *(vtable)
 *(.eh_frame*)
 *(.glue_7)
 .glue_7        0x0000000008001bb3        0x0 linker stubs
 *(.glue_7t)
 .glue_7t       0x0000000008001bb3        0x0 linker stubs

.vfp11_veneer   0x0000000008001bb4        0x0
 .vfp11_veneer  0x0000000008001bb4        0x0 linker stubs

.v4_bx          0x0000000008001bb4        0x0
 .v4_bx         0x0000000008001bb4        0x0 linker stubs

.iplt           0x0000000008001bb4        0x0
 .iplt          0x0000000008001bb4        0x0 ./system/src/stm32f1xx/stm32f1xx_hal.o

.rel.dyn        0x0000000008001bb4        0x0
 .rel.iplt      0x0000000008001bb4        0x0 ./system/src/stm32f1xx/stm32f1xx_hal.o

.ARM.extab
 *(.ARM.extab* .gnu.linkonce.armextab.*)
                0x0000000008001bb4                . = ALIGN (0x4)
                0x0000000008001bb4                __exidx_start = .

.ARM.exidx
 *(.ARM.exidx* .gnu.linkonce.armexidx.*)
                0x0000000008001bb4                __exidx_end = .
                0x0000000008001bb4                . = ALIGN (0x4)
                0x0000000008001bb4                _etext = .
                0x0000000008001bb4                __etext = .

.data_CCMRAM    0x0000000010000000        0x0 load address 0x0000000008001bb4
 FILL mask 0xff
 *(.data.CCMRAM .data.CCMRAM.*)
                0x0000000010000000                . = ALIGN (0x4)
                0x0000000008001bb4                _sidata = LOADADDR (.data)

.data           0x0000000020000000       0x80 load address 0x0000000008001bb4
 FILL mask 0xff
                0x0000000020000000                _sdata = .
                0x0000000020000000                __data_start__ = .
 *(.data_begin .data_begin.*)
 .data_begin    0x0000000020000000        0x4 ./system/src/newlib/_startup.o
 *(.data .data.*)
 .data.uwTickFreq
                0x0000000020000004        0x1 ./system/src/stm32f1xx/stm32f1xx_hal.o
                0x0000000020000004                uwTickFreq
 *fill*         0x0000000020000005        0x3 ff
 .data.uwTickPrio
                0x0000000020000008        0x4 ./system/src/stm32f1xx/stm32f1xx_hal.o
                0x0000000020000008                uwTickPrio
 .data.argv.4310
                0x000000002000000c        0x8 ./system/src/newlib/_syscalls.o
 .data.SystemCoreClock
                0x0000000020000014        0x4 ./system/src/cmsis/system_stm32f1xx.o
                0x0000000020000014                SystemCoreClock
 .data._impure_ptr
                0x0000000020000018        0x4 /home/bichar4/STM32Toolchain/gcc-arm/bin/../lib/gcc/arm-none-eabi/7.2.1/../../../../arm-none-eabi/lib/thumb/v7e-m/libg_nano.a(lib_a-impure.o)
                0x0000000020000018                _impure_ptr
 .data.impure_data
                0x000000002000001c       0x60 /home/bichar4/STM32Toolchain/gcc-arm/bin/../lib/gcc/arm-none-eabi/7.2.1/../../../../arm-none-eabi/lib/thumb/v7e-m/libg_nano.a(lib_a-impure.o)
 *(.data_end .data_end.*)
 .data_end      0x000000002000007c        0x4 ./system/src/newlib/_startup.o
                0x0000000020000080                . = ALIGN (0x4)
                0x0000000020000080                _edata = .
                0x0000000020000080                __data_end__ = .

.igot.plt       0x0000000020000080        0x0 load address 0x0000000008001c34
 .igot.plt      0x0000000020000080        0x0 ./system/src/stm32f1xx/stm32f1xx_hal.o

.bss_CCMRAM     0x0000000010000000        0x0
 *(.bss.CCMRAM .bss.CCMRAM.*)

.bss            0x0000000020000080       0xa0
                0x0000000020000080                __bss_start__ = .
                0x0000000020000080                _sbss = .
 *(.bss_begin .bss_begin.*)
 .bss_begin     0x0000000020000080        0x4 ./system/src/newlib/_startup.o
 *(.bss .bss.*)
 .bss.current_heap_end.3961
                0x0000000020000084        0x4 ./system/src/newlib/_sbrk.o
 .bss.name.4309
                0x0000000020000088        0x1 ./system/src/newlib/_syscalls.o
 *fill*         0x0000000020000089        0x3 
 .bss.buf.5205  0x000000002000008c       0x80 ./system/src/diag/Trace.o
 .bss.__malloc_free_list
                0x000000002000010c        0x4 /home/bichar4/STM32Toolchain/gcc-arm/bin/../lib/gcc/arm-none-eabi/7.2.1/../../../../arm-none-eabi/lib/thumb/v7e-m/libg_nano.a(lib_a-nano-mallocr.o)
                0x000000002000010c                __malloc_free_list
 .bss.__malloc_sbrk_start
                0x0000000020000110        0x4 /home/bichar4/STM32Toolchain/gcc-arm/bin/../lib/gcc/arm-none-eabi/7.2.1/../../../../arm-none-eabi/lib/thumb/v7e-m/libg_nano.a(lib_a-nano-mallocr.o)
                0x0000000020000110                __malloc_sbrk_start
 *(COMMON)
 COMMON         0x0000000020000114        0x4 ./system/src/stm32f1xx/stm32f1xx_hal.o
                0x0000000020000114                uwTick
 COMMON         0x0000000020000118        0x4 ./system/src/newlib/_syscalls.o
                0x0000000020000118                errno
 *(.bss_end .bss_end.*)
 .bss_end       0x000000002000011c        0x4 ./system/src/newlib/_startup.o
                0x0000000020000120                . = ALIGN (0x4)
                0x0000000020000120                __bss_end__ = .
                0x0000000020000120                _ebss = .

.noinit_CCMRAM
 *(.noinit.CCMRAM .noinit.CCMRAM.*)

.noinit         0x0000000020000120        0x0
                0x0000000020000120                _noinit = .
 *(.noinit .noinit.*)
                0x0000000020000120                . = ALIGN (0x4)
                0x0000000020000120                _end_noinit = .
                [!provide]                        PROVIDE (end, _end_noinit)
                [!provide]                        PROVIDE (_end, _end_noinit)
                [!provide]                        PROVIDE (__end, _end_noinit)
                [!provide]                        PROVIDE (__end__, _end_noinit)

._check_stack   0x0000000020000120      0x100
                0x0000000020000220                . = (. + _Minimum_Stack_Size)
 *fill*         0x0000000020000120      0x100 

.b1text
 *(.b1text)
 *(.b1rodata)
 *(.b1rodata.*)

.eb0text
 *(.eb0text)
 *(.eb0rodata)
 *(.eb0rodata.*)

.eb1text
 *(.eb1text)
 *(.eb1rodata)
 *(.eb1rodata.*)

.eb2text
 *(.eb2text)
 *(.eb2rodata)
 *(.eb2rodata.*)

.eb3text
 *(.eb3text)
 *(.eb3rodata)
 *(.eb3rodata.*)

.stab
 *(.stab)

.stabstr
 *(.stabstr)

.stab.excl
 *(.stab.excl)

.stab.exclstr
 *(.stab.exclstr)

.stab.index
 *(.stab.index)

.stab.indexstr
 *(.stab.indexstr)

.comment        0x0000000000000000       0x7e
 *(.comment)
 .comment       0x0000000000000000       0x7e ./system/src/stm32f1xx/stm32f1xx_hal.o
                                         0x7f (size before relaxing)
 .comment       0x000000000000007e       0x7f ./system/src/stm32f1xx/stm32f1xx_hal_cortex.o
 .comment       0x000000000000007e       0x7f ./system/src/stm32f1xx/stm32f1xx_hal_gpio.o
 .comment       0x000000000000007e       0x7f ./system/src/stm32f1xx/stm32f1xx_hal_rcc.o
 .comment       0x000000000000007e       0x7f ./system/src/newlib/_exit.o
 .comment       0x000000000000007e       0x7f ./system/src/newlib/_sbrk.o
 .comment       0x000000000000007e       0x7f ./system/src/newlib/_startup.o
 .comment       0x000000000000007e       0x7f ./system/src/newlib/_syscalls.o
 .comment       0x000000000000007e       0x7f ./system/src/diag/Trace.o
 .comment       0x000000000000007e       0x7f ./system/src/diag/trace_impl.o
 .comment       0x000000000000007e       0x7f ./system/src/cortexm/_initialize_hardware.o
 .comment       0x000000000000007e       0x7f ./system/src/cortexm/exception_handlers.o
 .comment       0x000000000000007e       0x7f ./system/src/cmsis/system_stm32f1xx.o
 .comment       0x000000000000007e       0x7f ./src/main.o
 .comment       0x000000000000007e       0x7f ./src/stm32f1xx_hal_msp.o
 .comment       0x000000000000007e       0x7f ./src/stm32f1xx_it.o

.ARM.attributes
                0x0000000000000000       0x31
 .ARM.attributes
                0x0000000000000000       0x33 ./system/src/stm32f1xx/stm32f1xx_hal.o
 .ARM.attributes
                0x0000000000000033       0x33 ./system/src/stm32f1xx/stm32f1xx_hal_cortex.o
 .ARM.attributes
                0x0000000000000066       0x33 ./system/src/stm32f1xx/stm32f1xx_hal_gpio.o
 .ARM.attributes
                0x0000000000000099       0x33 ./system/src/stm32f1xx/stm32f1xx_hal_rcc.o
 .ARM.attributes
                0x00000000000000cc       0x33 ./system/src/newlib/_exit.o
 .ARM.attributes
                0x00000000000000ff       0x33 ./system/src/newlib/_sbrk.o
 .ARM.attributes
                0x0000000000000132       0x33 ./system/src/newlib/_startup.o
 .ARM.attributes
                0x0000000000000165       0x33 ./system/src/newlib/_syscalls.o
 .ARM.attributes
                0x0000000000000198       0x33 ./system/src/diag/Trace.o
 .ARM.attributes
                0x00000000000001cb       0x33 ./system/src/diag/trace_impl.o
 .ARM.attributes
                0x00000000000001fe       0x33 ./system/src/cortexm/_initialize_hardware.o
 .ARM.attributes
                0x0000000000000231       0x33 ./system/src/cortexm/exception_handlers.o
 .ARM.attributes
                0x0000000000000264       0x21 ./system/src/cmsis/startup_stm32f103xb.o
 .ARM.attributes
                0x0000000000000285       0x33 ./system/src/cmsis/system_stm32f1xx.o
 .ARM.attributes
                0x00000000000002b8       0x33 ./src/main.o
 .ARM.attributes
                0x00000000000002eb       0x33 ./src/stm32f1xx_hal_msp.o
 .ARM.attributes
                0x000000000000031e       0x33 ./src/stm32f1xx_it.o
 .ARM.attributes
                0x0000000000000351       0x2e /home/bichar4/STM32Toolchain/gcc-arm/bin/../lib/gcc/arm-none-eabi/7.2.1/../../../../arm-none-eabi/lib/thumb/v7e-m/libg_nano.a(lib_a-errno.o)
 .ARM.attributes
                0x000000000000037f       0x2e /home/bichar4/STM32Toolchain/gcc-arm/bin/../lib/gcc/arm-none-eabi/7.2.1/../../../../arm-none-eabi/lib/thumb/v7e-m/libg_nano.a(lib_a-impure.o)
 .ARM.attributes
                0x00000000000003ad       0x2e /home/bichar4/STM32Toolchain/gcc-arm/bin/../lib/gcc/arm-none-eabi/7.2.1/../../../../arm-none-eabi/lib/thumb/v7e-m/libg_nano.a(lib_a-memcpy-stub.o)
 .ARM.attributes
                0x00000000000003db       0x2e /home/bichar4/STM32Toolchain/gcc-arm/bin/../lib/gcc/arm-none-eabi/7.2.1/../../../../arm-none-eabi/lib/thumb/v7e-m/libg_nano.a(lib_a-vsnprintf.o)
 .ARM.attributes
                0x0000000000000409       0x2e /home/bichar4/STM32Toolchain/gcc-arm/bin/../lib/gcc/arm-none-eabi/7.2.1/../../../../arm-none-eabi/lib/thumb/v7e-m/libg_nano.a(lib_a-nano-svfprintf.o)
 .ARM.attributes
                0x0000000000000437       0x2e /home/bichar4/STM32Toolchain/gcc-arm/bin/../lib/gcc/arm-none-eabi/7.2.1/../../../../arm-none-eabi/lib/thumb/v7e-m/libg_nano.a(lib_a-nano-vfprintf_i.o)
 .ARM.attributes
                0x0000000000000465       0x1c /home/bichar4/STM32Toolchain/gcc-arm/bin/../lib/gcc/arm-none-eabi/7.2.1/../../../../arm-none-eabi/lib/thumb/v7e-m/libg_nano.a(lib_a-memchr.o)
 .ARM.attributes
                0x0000000000000481       0x2e /home/bichar4/STM32Toolchain/gcc-arm/bin/../lib/gcc/arm-none-eabi/7.2.1/../../../../arm-none-eabi/lib/thumb/v7e-m/libg_nano.a(lib_a-memmove.o)
 .ARM.attributes
                0x00000000000004af       0x2e /home/bichar4/STM32Toolchain/gcc-arm/bin/../lib/gcc/arm-none-eabi/7.2.1/../../../../arm-none-eabi/lib/thumb/v7e-m/libg_nano.a(lib_a-nano-freer.o)
 .ARM.attributes
                0x00000000000004dd       0x2e /home/bichar4/STM32Toolchain/gcc-arm/bin/../lib/gcc/arm-none-eabi/7.2.1/../../../../arm-none-eabi/lib/thumb/v7e-m/libg_nano.a(lib_a-nano-mallocr.o)
 .ARM.attributes
                0x000000000000050b       0x2e /home/bichar4/STM32Toolchain/gcc-arm/bin/../lib/gcc/arm-none-eabi/7.2.1/../../../../arm-none-eabi/lib/thumb/v7e-m/libg_nano.a(lib_a-nano-reallocr.o)
 .ARM.attributes
                0x0000000000000539       0x2e /home/bichar4/STM32Toolchain/gcc-arm/bin/../lib/gcc/arm-none-eabi/7.2.1/../../../../arm-none-eabi/lib/thumb/v7e-m/libg_nano.a(lib_a-sbrkr.o)
 .ARM.attributes
                0x0000000000000567       0x2e /home/bichar4/STM32Toolchain/gcc-arm/bin/../lib/gcc/arm-none-eabi/7.2.1/../../../../arm-none-eabi/lib/thumb/v7e-m/libg_nano.a(lib_a-mlock.o)
 .ARM.attributes
                0x0000000000000595       0x2e /home/bichar4/STM32Toolchain/gcc-arm/bin/../lib/gcc/arm-none-eabi/7.2.1/../../../../arm-none-eabi/lib/thumb/v7e-m/libg_nano.a(lib_a-nano-msizer.o)

.debug
 *(.debug)

.line
 *(.line)

.debug_srcinfo
 *(.debug_srcinfo)

.debug_sfnames
 *(.debug_sfnames)

.debug_aranges  0x0000000000000000      0x518
 *(.debug_aranges)
 .debug_aranges
                0x0000000000000000       0xd0 ./system/src/stm32f1xx/stm32f1xx_hal.o
 .debug_aranges
                0x00000000000000d0       0x90 ./system/src/stm32f1xx/stm32f1xx_hal_cortex.o
 .debug_aranges
                0x0000000000000160       0x58 ./system/src/stm32f1xx/stm32f1xx_hal_gpio.o
 .debug_aranges
                0x00000000000001b8       0x90 ./system/src/stm32f1xx/stm32f1xx_hal_rcc.o
 .debug_aranges
                0x0000000000000248       0x28 ./system/src/newlib/_exit.o
 .debug_aranges
                0x0000000000000270       0x20 ./system/src/newlib/_sbrk.o
 .debug_aranges
                0x0000000000000290       0x40 ./system/src/newlib/_startup.o
 .debug_aranges
                0x00000000000002d0       0x30 ./system/src/newlib/_syscalls.o
 .debug_aranges
                0x0000000000000300       0x38 ./system/src/diag/Trace.o
 .debug_aranges
                0x0000000000000338       0x28 ./system/src/diag/trace_impl.o
 .debug_aranges
                0x0000000000000360       0x28 ./system/src/cortexm/_initialize_hardware.o
 .debug_aranges
                0x0000000000000388       0x88 ./system/src/cortexm/exception_handlers.o
 .debug_aranges
                0x0000000000000410       0x28 ./system/src/cmsis/startup_stm32f103xb.o
 .debug_aranges
                0x0000000000000438       0x28 ./system/src/cmsis/system_stm32f1xx.o
 .debug_aranges
                0x0000000000000460       0x38 ./src/main.o
 .debug_aranges
                0x0000000000000498       0x20 ./src/stm32f1xx_hal_msp.o
 .debug_aranges
                0x00000000000004b8       0x60 ./src/stm32f1xx_it.o

.debug_pubnames
 *(.debug_pubnames)

.debug_info     0x0000000000000000     0xaf1b
 *(.debug_info .gnu.linkonce.wi.*)
 .debug_info    0x0000000000000000      0xf85 ./system/src/stm32f1xx/stm32f1xx_hal.o
 .debug_info    0x0000000000000f85     0x1454 ./system/src/stm32f1xx/stm32f1xx_hal_cortex.o
 .debug_info    0x00000000000023d9      0xe5b ./system/src/stm32f1xx/stm32f1xx_hal_gpio.o
 .debug_info    0x0000000000003234     0x11c3 ./system/src/stm32f1xx/stm32f1xx_hal_rcc.o
 .debug_info    0x00000000000043f7      0x956 ./system/src/newlib/_exit.o
 .debug_info    0x0000000000004d4d      0x942 ./system/src/newlib/_sbrk.o
 .debug_info    0x000000000000568f      0x42e ./system/src/newlib/_startup.o
 .debug_info    0x0000000000005abd      0xa19 ./system/src/newlib/_syscalls.o
 .debug_info    0x00000000000064d6      0xb2a ./system/src/diag/Trace.o
 .debug_info    0x0000000000007000      0x1c1 ./system/src/diag/trace_impl.o
 .debug_info    0x00000000000071c1      0x2fa ./system/src/cortexm/_initialize_hardware.o
 .debug_info    0x00000000000074bb     0x1063 ./system/src/cortexm/exception_handlers.o
 .debug_info    0x000000000000851e       0x22 ./system/src/cmsis/startup_stm32f103xb.o
 .debug_info    0x0000000000008540      0x3cb ./system/src/cmsis/system_stm32f1xx.o
 .debug_info    0x000000000000890b      0xf7e ./src/main.o
 .debug_info    0x0000000000009889      0xcaf ./src/stm32f1xx_hal_msp.o
 .debug_info    0x000000000000a538      0x9e3 ./src/stm32f1xx_it.o

.debug_abbrev   0x0000000000000000     0x2352
 *(.debug_abbrev)
 .debug_abbrev  0x0000000000000000      0x2f4 ./system/src/stm32f1xx/stm32f1xx_hal.o
 .debug_abbrev  0x00000000000002f4      0x3cd ./system/src/stm32f1xx/stm32f1xx_hal_cortex.o
 .debug_abbrev  0x00000000000006c1      0x2a7 ./system/src/stm32f1xx/stm32f1xx_hal_gpio.o
 .debug_abbrev  0x0000000000000968      0x335 ./system/src/stm32f1xx/stm32f1xx_hal_rcc.o
 .debug_abbrev  0x0000000000000c9d      0x1f3 ./system/src/newlib/_exit.o
 .debug_abbrev  0x0000000000000e90      0x1fc ./system/src/newlib/_sbrk.o
 .debug_abbrev  0x000000000000108c      0x1b3 ./system/src/newlib/_startup.o
 .debug_abbrev  0x000000000000123f      0x234 ./system/src/newlib/_syscalls.o
 .debug_abbrev  0x0000000000001473      0x276 ./system/src/diag/Trace.o
 .debug_abbrev  0x00000000000016e9       0xd7 ./system/src/diag/trace_impl.o
 .debug_abbrev  0x00000000000017c0       0xea ./system/src/cortexm/_initialize_hardware.o
 .debug_abbrev  0x00000000000018aa      0x2b4 ./system/src/cortexm/exception_handlers.o
 .debug_abbrev  0x0000000000001b5e       0x12 ./system/src/cmsis/startup_stm32f103xb.o
 .debug_abbrev  0x0000000000001b70      0x134 ./system/src/cmsis/system_stm32f1xx.o
 .debug_abbrev  0x0000000000001ca4      0x293 ./src/main.o
 .debug_abbrev  0x0000000000001f37      0x234 ./src/stm32f1xx_hal_msp.o
 .debug_abbrev  0x000000000000216b      0x1e7 ./src/stm32f1xx_it.o

.debug_line     0x0000000000000000     0x4860
 *(.debug_line)
 .debug_line    0x0000000000000000      0x6a9 ./system/src/stm32f1xx/stm32f1xx_hal.o
 .debug_line    0x00000000000006a9      0x6c1 ./system/src/stm32f1xx/stm32f1xx_hal_cortex.o
 .debug_line    0x0000000000000d6a      0x6a6 ./system/src/stm32f1xx/stm32f1xx_hal_gpio.o
 .debug_line    0x0000000000001410      0x7c3 ./system/src/stm32f1xx/stm32f1xx_hal_rcc.o
 .debug_line    0x0000000000001bd3      0x30b ./system/src/newlib/_exit.o
 .debug_line    0x0000000000001ede      0x2bf ./system/src/newlib/_sbrk.o
 .debug_line    0x000000000000219d      0x379 ./system/src/newlib/_startup.o
 .debug_line    0x0000000000002516      0x3c4 ./system/src/newlib/_syscalls.o
 .debug_line    0x00000000000028da      0x387 ./system/src/diag/Trace.o
 .debug_line    0x0000000000002c61      0x3bc ./system/src/diag/trace_impl.o
 .debug_line    0x000000000000301d      0x197 ./system/src/cortexm/_initialize_hardware.o
 .debug_line    0x00000000000031b4      0x4b7 ./system/src/cortexm/exception_handlers.o
 .debug_line    0x000000000000366b       0x86 ./system/src/cmsis/startup_stm32f103xb.o
 .debug_line    0x00000000000036f1      0x1aa ./system/src/cmsis/system_stm32f1xx.o
 .debug_line    0x000000000000389b      0x544 ./src/main.o
 .debug_line    0x0000000000003ddf      0x4fc ./src/stm32f1xx_hal_msp.o
 .debug_line    0x00000000000042db      0x585 ./src/stm32f1xx_it.o

.debug_frame    0x0000000000000000      0xcd8
 *(.debug_frame)
 .debug_frame   0x0000000000000000      0x1ac ./system/src/stm32f1xx/stm32f1xx_hal.o
 .debug_frame   0x00000000000001ac      0x12c ./system/src/stm32f1xx/stm32f1xx_hal_cortex.o
 .debug_frame   0x00000000000002d8       0xd4 ./system/src/stm32f1xx/stm32f1xx_hal_gpio.o
 .debug_frame   0x00000000000003ac      0x174 ./system/src/stm32f1xx/stm32f1xx_hal_rcc.o
 .debug_frame   0x0000000000000520       0x38 ./system/src/newlib/_exit.o
 .debug_frame   0x0000000000000558       0x28 ./system/src/newlib/_sbrk.o
 .debug_frame   0x0000000000000580       0x7c ./system/src/newlib/_startup.o
 .debug_frame   0x00000000000005fc       0x50 ./system/src/newlib/_syscalls.o
 .debug_frame   0x000000000000064c       0x94 ./system/src/diag/Trace.o
 .debug_frame   0x00000000000006e0       0x30 ./system/src/diag/trace_impl.o
 .debug_frame   0x0000000000000710       0x40 ./system/src/cortexm/_initialize_hardware.o
 .debug_frame   0x0000000000000750      0x144 ./system/src/cortexm/exception_handlers.o
 .debug_frame   0x0000000000000894       0x30 ./system/src/cmsis/system_stm32f1xx.o
 .debug_frame   0x00000000000008c4       0x78 ./src/main.o
 .debug_frame   0x000000000000093c       0x2c ./src/stm32f1xx_hal_msp.o
 .debug_frame   0x0000000000000968       0xa8 ./src/stm32f1xx_it.o
 .debug_frame   0x0000000000000a10       0x20 /home/bichar4/STM32Toolchain/gcc-arm/bin/../lib/gcc/arm-none-eabi/7.2.1/../../../../arm-none-eabi/lib/thumb/v7e-m/libg_nano.a(lib_a-errno.o)
 .debug_frame   0x0000000000000a30       0x28 /home/bichar4/STM32Toolchain/gcc-arm/bin/../lib/gcc/arm-none-eabi/7.2.1/../../../../arm-none-eabi/lib/thumb/v7e-m/libg_nano.a(lib_a-memcpy-stub.o)
 .debug_frame   0x0000000000000a58       0x4c /home/bichar4/STM32Toolchain/gcc-arm/bin/../lib/gcc/arm-none-eabi/7.2.1/../../../../arm-none-eabi/lib/thumb/v7e-m/libg_nano.a(lib_a-vsnprintf.o)
 .debug_frame   0x0000000000000aa4       0x90 /home/bichar4/STM32Toolchain/gcc-arm/bin/../lib/gcc/arm-none-eabi/7.2.1/../../../../arm-none-eabi/lib/thumb/v7e-m/libg_nano.a(lib_a-nano-svfprintf.o)
 .debug_frame   0x0000000000000b34       0x60 /home/bichar4/STM32Toolchain/gcc-arm/bin/../lib/gcc/arm-none-eabi/7.2.1/../../../../arm-none-eabi/lib/thumb/v7e-m/libg_nano.a(lib_a-nano-vfprintf_i.o)
 .debug_frame   0x0000000000000b94       0x28 /home/bichar4/STM32Toolchain/gcc-arm/bin/../lib/gcc/arm-none-eabi/7.2.1/../../../../arm-none-eabi/lib/thumb/v7e-m/libg_nano.a(lib_a-memmove.o)
 .debug_frame   0x0000000000000bbc       0x38 /home/bichar4/STM32Toolchain/gcc-arm/bin/../lib/gcc/arm-none-eabi/7.2.1/../../../../arm-none-eabi/lib/thumb/v7e-m/libg_nano.a(lib_a-nano-freer.o)
 .debug_frame   0x0000000000000bf4       0x2c /home/bichar4/STM32Toolchain/gcc-arm/bin/../lib/gcc/arm-none-eabi/7.2.1/../../../../arm-none-eabi/lib/thumb/v7e-m/libg_nano.a(lib_a-nano-mallocr.o)
 .debug_frame   0x0000000000000c20       0x3c /home/bichar4/STM32Toolchain/gcc-arm/bin/../lib/gcc/arm-none-eabi/7.2.1/../../../../arm-none-eabi/lib/thumb/v7e-m/libg_nano.a(lib_a-nano-reallocr.o)
 .debug_frame   0x0000000000000c5c       0x2c /home/bichar4/STM32Toolchain/gcc-arm/bin/../lib/gcc/arm-none-eabi/7.2.1/../../../../arm-none-eabi/lib/thumb/v7e-m/libg_nano.a(lib_a-sbrkr.o)
 .debug_frame   0x0000000000000c88       0x30 /home/bichar4/STM32Toolchain/gcc-arm/bin/../lib/gcc/arm-none-eabi/7.2.1/../../../../arm-none-eabi/lib/thumb/v7e-m/libg_nano.a(lib_a-mlock.o)
 .debug_frame   0x0000000000000cb8       0x20 /home/bichar4/STM32Toolchain/gcc-arm/bin/../lib/gcc/arm-none-eabi/7.2.1/../../../../arm-none-eabi/lib/thumb/v7e-m/libg_nano.a(lib_a-nano-msizer.o)

.debug_str      0x0000000000000000    0x6b14e
 *(.debug_str)
 .debug_str     0x0000000000000000    0x67b47 ./system/src/stm32f1xx/stm32f1xx_hal.o
                                      0x67f38 (size before relaxing)
 .debug_str     0x0000000000067b47      0x2d5 ./system/src/stm32f1xx/stm32f1xx_hal_cortex.o
                                      0x67e8d (size before relaxing)
 .debug_str     0x0000000000067e1c      0x3a2 ./system/src/stm32f1xx/stm32f1xx_hal_gpio.o
                                      0x67bc9 (size before relaxing)
 .debug_str     0x00000000000681be      0x35c ./system/src/stm32f1xx/stm32f1xx_hal_rcc.o
                                      0x67c1e (size before relaxing)
 .debug_str     0x000000000006851a     0x10ff ./system/src/newlib/_exit.o
                                       0x7e92 (size before relaxing)
 .debug_str     0x0000000000069619      0x4f5 ./system/src/newlib/_sbrk.o
                                       0x7244 (size before relaxing)
 .debug_str     0x0000000000069b0e      0x260 ./system/src/newlib/_startup.o
                                       0x697f (size before relaxing)
 .debug_str     0x0000000000069d6e      0xe8b ./system/src/newlib/_syscalls.o
                                       0x811f (size before relaxing)
 .debug_str     0x000000000006abf9      0x183 ./system/src/diag/Trace.o
                                       0x860a (size before relaxing)
 .debug_str     0x000000000006ad7c       0x4b ./system/src/diag/trace_impl.o
                                      0x594f4 (size before relaxing)
 .debug_str     0x000000000006adc7       0x5e ./system/src/cortexm/_initialize_hardware.o
                                      0x55605 (size before relaxing)
 .debug_str     0x000000000006ae25      0x1e5 ./system/src/cortexm/exception_handlers.o
                                      0x5a7b0 (size before relaxing)
 .debug_str     0x000000000006b00a       0x39 ./system/src/cmsis/startup_stm32f103xb.o
                                         0x75 (size before relaxing)
 .debug_str     0x000000000006b043       0x7b ./system/src/cmsis/system_stm32f1xx.o
                                      0x5564b (size before relaxing)
 .debug_str     0x000000000006b0be       0x4d ./src/main.o
                                      0x67d32 (size before relaxing)
 .debug_str     0x000000000006b10b       0x1b ./src/stm32f1xx_hal_msp.o
                                      0x67b21 (size before relaxing)
 .debug_str     0x000000000006b126       0x28 ./src/stm32f1xx_it.o
                                      0x6785a (size before relaxing)

.debug_loc      0x0000000000000000     0x15cf
 *(.debug_loc)
 .debug_loc     0x0000000000000000       0xfd ./system/src/stm32f1xx/stm32f1xx_hal.o
 .debug_loc     0x00000000000000fd      0x5ad ./system/src/stm32f1xx/stm32f1xx_hal_cortex.o
 .debug_loc     0x00000000000006aa      0x44e ./system/src/stm32f1xx/stm32f1xx_hal_gpio.o
 .debug_loc     0x0000000000000af8      0x4f6 ./system/src/stm32f1xx/stm32f1xx_hal_rcc.o
 .debug_loc     0x0000000000000fee       0x85 ./system/src/newlib/_sbrk.o
 .debug_loc     0x0000000000001073      0x1a9 ./system/src/newlib/_startup.o
 .debug_loc     0x000000000000121c       0x63 ./system/src/newlib/_syscalls.o
 .debug_loc     0x000000000000127f       0xf6 ./system/src/diag/Trace.o
 .debug_loc     0x0000000000001375       0x21 ./system/src/diag/trace_impl.o
 .debug_loc     0x0000000000001396      0x15a ./system/src/cortexm/exception_handlers.o
 .debug_loc     0x00000000000014f0       0xdf ./system/src/cmsis/system_stm32f1xx.o

.debug_macinfo
 *(.debug_macinfo)

.debug_weaknames
 *(.debug_weaknames)

.debug_funcnames
 *(.debug_funcnames)

.debug_typenames
 *(.debug_typenames)

.debug_varnames
 *(.debug_varnames)
OUTPUT(bluepill_blink.elf elf32-littlearm)

.debug_ranges   0x0000000000000000      0x4d8
 .debug_ranges  0x0000000000000000       0xc0 ./system/src/stm32f1xx/stm32f1xx_hal.o
 .debug_ranges  0x00000000000000c0       0xe0 ./system/src/stm32f1xx/stm32f1xx_hal_cortex.o
 .debug_ranges  0x00000000000001a0       0x48 ./system/src/stm32f1xx/stm32f1xx_hal_gpio.o
 .debug_ranges  0x00000000000001e8       0xa0 ./system/src/stm32f1xx/stm32f1xx_hal_rcc.o
 .debug_ranges  0x0000000000000288       0x18 ./system/src/newlib/_exit.o
 .debug_ranges  0x00000000000002a0       0x10 ./system/src/newlib/_sbrk.o
 .debug_ranges  0x00000000000002b0       0x78 ./system/src/newlib/_startup.o
 .debug_ranges  0x0000000000000328       0x20 ./system/src/newlib/_syscalls.o
 .debug_ranges  0x0000000000000348       0x28 ./system/src/diag/Trace.o
 .debug_ranges  0x0000000000000370       0x18 ./system/src/diag/trace_impl.o
 .debug_ranges  0x0000000000000388       0x18 ./system/src/cortexm/_initialize_hardware.o
 .debug_ranges  0x00000000000003a0       0x78 ./system/src/cortexm/exception_handlers.o
 .debug_ranges  0x0000000000000418       0x20 ./system/src/cmsis/startup_stm32f103xb.o
 .debug_ranges  0x0000000000000438       0x18 ./system/src/cmsis/system_stm32f1xx.o
 .debug_ranges  0x0000000000000450       0x28 ./src/main.o
 .debug_ranges  0x0000000000000478       0x10 ./src/stm32f1xx_hal_msp.o
 .debug_ranges  0x0000000000000488       0x50 ./src/stm32f1xx_it.o

.debug_macro    0x0000000000000000    0x15599
 .debug_macro   0x0000000000000000      0x2df ./system/src/stm32f1xx/stm32f1xx_hal.o
 .debug_macro   0x00000000000002df      0xa54 ./system/src/stm32f1xx/stm32f1xx_hal.o
 .debug_macro   0x0000000000000d33       0x10 ./system/src/stm32f1xx/stm32f1xx_hal.o
 .debug_macro   0x0000000000000d43      0x157 ./system/src/stm32f1xx/stm32f1xx_hal.o
 .debug_macro   0x0000000000000e9a       0x2e ./system/src/stm32f1xx/stm32f1xx_hal.o
 .debug_macro   0x0000000000000ec8       0x22 ./system/src/stm32f1xx/stm32f1xx_hal.o
 .debug_macro   0x0000000000000eea      0x34e ./system/src/stm32f1xx/stm32f1xx_hal.o
 .debug_macro   0x0000000000001238       0x34 ./system/src/stm32f1xx/stm32f1xx_hal.o
 .debug_macro   0x000000000000126c       0x34 ./system/src/stm32f1xx/stm32f1xx_hal.o
 .debug_macro   0x00000000000012a0      0xb8e ./system/src/stm32f1xx/stm32f1xx_hal.o
 .debug_macro   0x0000000000001e2e     0xe90a ./system/src/stm32f1xx/stm32f1xx_hal.o
 .debug_macro   0x0000000000010738       0x43 ./system/src/stm32f1xx/stm32f1xx_hal.o
 .debug_macro   0x000000000001077b       0x22 ./system/src/stm32f1xx/stm32f1xx_hal.o
 .debug_macro   0x000000000001079d       0x52 ./system/src/stm32f1xx/stm32f1xx_hal.o
 .debug_macro   0x00000000000107ef       0x17 ./system/src/stm32f1xx/stm32f1xx_hal.o
 .debug_macro   0x0000000000010806       0x8d ./system/src/stm32f1xx/stm32f1xx_hal.o
 .debug_macro   0x0000000000010893       0x35 ./system/src/stm32f1xx/stm32f1xx_hal.o
 .debug_macro   0x00000000000108c8       0x9c ./system/src/stm32f1xx/stm32f1xx_hal.o
 .debug_macro   0x0000000000010964       0x16 ./system/src/stm32f1xx/stm32f1xx_hal.o
 .debug_macro   0x000000000001097a       0x57 ./system/src/stm32f1xx/stm32f1xx_hal.o
 .debug_macro   0x00000000000109d1       0x97 ./system/src/stm32f1xx/stm32f1xx_hal.o
 .debug_macro   0x0000000000010a68      0x330 ./system/src/stm32f1xx/stm32f1xx_hal.o
 .debug_macro   0x0000000000010d98       0xfd ./system/src/stm32f1xx/stm32f1xx_hal.o
 .debug_macro   0x0000000000010e95       0x10 ./system/src/stm32f1xx/stm32f1xx_hal.o
 .debug_macro   0x0000000000010ea5       0x58 ./system/src/stm32f1xx/stm32f1xx_hal.o
 .debug_macro   0x0000000000010efd       0x1f ./system/src/stm32f1xx/stm32f1xx_hal.o
 .debug_macro   0x0000000000010f1c       0x43 ./system/src/stm32f1xx/stm32f1xx_hal.o
 .debug_macro   0x0000000000010f5f       0x20 ./system/src/stm32f1xx/stm32f1xx_hal.o
 .debug_macro   0x0000000000010f7f      0x18e ./system/src/stm32f1xx/stm32f1xx_hal.o
 .debug_macro   0x000000000001110d       0x10 ./system/src/stm32f1xx/stm32f1xx_hal.o
 .debug_macro   0x000000000001111d       0x6a ./system/src/stm32f1xx/stm32f1xx_hal.o
 .debug_macro   0x0000000000011187       0x1c ./system/src/stm32f1xx/stm32f1xx_hal.o
 .debug_macro   0x00000000000111a3       0x52 ./system/src/stm32f1xx/stm32f1xx_hal.o
 .debug_macro   0x00000000000111f5       0x40 ./system/src/stm32f1xx/stm32f1xx_hal.o
 .debug_macro   0x0000000000011235       0x10 ./system/src/stm32f1xx/stm32f1xx_hal.o
 .debug_macro   0x0000000000011245       0x40 ./system/src/stm32f1xx/stm32f1xx_hal.o
 .debug_macro   0x0000000000011285       0xd7 ./system/src/stm32f1xx/stm32f1xx_hal.o
 .debug_macro   0x000000000001135c       0x1c ./system/src/stm32f1xx/stm32f1xx_hal.o
 .debug_macro   0x0000000000011378       0x3d ./system/src/stm32f1xx/stm32f1xx_hal.o
 .debug_macro   0x00000000000113b5       0x16 ./system/src/stm32f1xx/stm32f1xx_hal.o
 .debug_macro   0x00000000000113cb      0x16f ./system/src/stm32f1xx/stm32f1xx_hal.o
 .debug_macro   0x000000000001153a       0x57 ./system/src/stm32f1xx/stm32f1xx_hal.o
 .debug_macro   0x0000000000011591      0x5c2 ./system/src/stm32f1xx/stm32f1xx_hal.o
 .debug_macro   0x0000000000011b53      0x28a ./system/src/stm32f1xx/stm32f1xx_hal.o
 .debug_macro   0x0000000000011ddd      0x1cb ./system/src/stm32f1xx/stm32f1xx_hal.o
 .debug_macro   0x0000000000011fa8      0x11e ./system/src/stm32f1xx/stm32f1xx_hal.o
 .debug_macro   0x00000000000120c6      0x1b3 ./system/src/stm32f1xx/stm32f1xx_hal.o
 .debug_macro   0x0000000000012279       0x27 ./system/src/stm32f1xx/stm32f1xx_hal.o
 .debug_macro   0x00000000000122a0      0x1bc ./system/src/stm32f1xx/stm32f1xx_hal.o
 .debug_macro   0x000000000001245c       0x34 ./system/src/stm32f1xx/stm32f1xx_hal.o
 .debug_macro   0x0000000000012490       0x3c ./system/src/stm32f1xx/stm32f1xx_hal.o
 .debug_macro   0x00000000000124cc       0x57 ./system/src/stm32f1xx/stm32f1xx_hal.o
 .debug_macro   0x0000000000012523       0x8c ./system/src/stm32f1xx/stm32f1xx_hal.o
 .debug_macro   0x00000000000125af      0x242 ./system/src/stm32f1xx/stm32f1xx_hal.o
 .debug_macro   0x00000000000127f1      0x143 ./system/src/stm32f1xx/stm32f1xx_hal.o
 .debug_macro   0x0000000000012934       0x83 ./system/src/stm32f1xx/stm32f1xx_hal.o
 .debug_macro   0x00000000000129b7      0x2bb ./system/src/stm32f1xx/stm32f1xx_hal_cortex.o
 .debug_macro   0x0000000000012c72      0x32b ./system/src/stm32f1xx/stm32f1xx_hal_gpio.o
 .debug_macro   0x0000000000012f9d      0x2cd ./system/src/stm32f1xx/stm32f1xx_hal_rcc.o
 .debug_macro   0x000000000001326a      0x1b4 ./system/src/newlib/_exit.o
 .debug_macro   0x000000000001341e      0x10e ./system/src/newlib/_exit.o
 .debug_macro   0x000000000001352c       0x8d ./system/src/newlib/_exit.o
 .debug_macro   0x00000000000135b9       0x35 ./system/src/newlib/_exit.o
 .debug_macro   0x00000000000135ee      0x169 ./system/src/newlib/_sbrk.o
 .debug_macro   0x0000000000013757      0x174 ./system/src/newlib/_sbrk.o
 .debug_macro   0x00000000000138cb       0x10 ./system/src/newlib/_sbrk.o
 .debug_macro   0x00000000000138db      0x23b ./system/src/newlib/_sbrk.o
 .debug_macro   0x0000000000013b16      0x173 ./system/src/newlib/_startup.o
 .debug_macro   0x0000000000013c89      0x217 ./system/src/newlib/_syscalls.o
 .debug_macro   0x0000000000013ea0       0x1c ./system/src/newlib/_syscalls.o
 .debug_macro   0x0000000000013ebc       0x10 ./system/src/newlib/_syscalls.o
 .debug_macro   0x0000000000013ecc       0x10 ./system/src/newlib/_syscalls.o
 .debug_macro   0x0000000000013edc       0x10 ./system/src/newlib/_syscalls.o
 .debug_macro   0x0000000000013eec       0x35 ./system/src/newlib/_syscalls.o
 .debug_macro   0x0000000000013f21      0x122 ./system/src/newlib/_syscalls.o
 .debug_macro   0x0000000000014043       0x88 ./system/src/newlib/_syscalls.o
 .debug_macro   0x00000000000140cb       0x2b ./system/src/newlib/_syscalls.o
 .debug_macro   0x00000000000140f6      0x118 ./system/src/newlib/_syscalls.o
 .debug_macro   0x000000000001420e      0x189 ./system/src/newlib/_syscalls.o
 .debug_macro   0x0000000000014397       0x16 ./system/src/newlib/_syscalls.o
 .debug_macro   0x00000000000143ad      0x1fb ./system/src/diag/Trace.o
 .debug_macro   0x00000000000145a8       0x4c ./system/src/diag/Trace.o
 .debug_macro   0x00000000000145f4       0x16 ./system/src/diag/Trace.o
 .debug_macro   0x000000000001460a      0x1e8 ./system/src/diag/trace_impl.o
 .debug_macro   0x00000000000147f2       0x10 ./system/src/diag/trace_impl.o
 .debug_macro   0x0000000000014802       0xcf ./system/src/diag/trace_impl.o
 .debug_macro   0x00000000000148d1       0xbe ./system/src/diag/trace_impl.o
 .debug_macro   0x000000000001498f       0x8a ./system/src/cortexm/_initialize_hardware.o
 .debug_macro   0x0000000000014a19      0x243 ./system/src/cortexm/exception_handlers.o
 .debug_macro   0x0000000000014c5c       0x3a ./system/src/cortexm/exception_handlers.o
 .debug_macro   0x0000000000014c96       0x22 ./system/src/cortexm/exception_handlers.o
 .debug_macro   0x0000000000014cb8       0x10 ./system/src/cortexm/exception_handlers.o
 .debug_macro   0x0000000000014cc8       0x92 ./system/src/cmsis/system_stm32f1xx.o
 .debug_macro   0x0000000000014d5a      0x2bf ./src/main.o
 .debug_macro   0x0000000000015019      0x2bb ./src/stm32f1xx_hal_msp.o
 .debug_macro   0x00000000000152d4      0x2c5 ./src/stm32f1xx_it.o
