Archive member included to satisfy reference by file (symbol)

/home/bichar4/STM32Toolchain/gcc-arm/bin/../lib/gcc/arm-none-eabi/7.2.1/thumb/v7e-m/libgcc.a(unwind-arm.o)
                              ./system/src/newlib/_cxx.o (__aeabi_unwind_cpp_pr1)
/home/bichar4/STM32Toolchain/gcc-arm/bin/../lib/gcc/arm-none-eabi/7.2.1/thumb/v7e-m/libgcc.a(libunwind.o)
                              /home/bichar4/STM32Toolchain/gcc-arm/bin/../lib/gcc/arm-none-eabi/7.2.1/thumb/v7e-m/libgcc.a(unwind-arm.o) (restore_core_regs)
/home/bichar4/STM32Toolchain/gcc-arm/bin/../lib/gcc/arm-none-eabi/7.2.1/thumb/v7e-m/libgcc.a(pr-support.o)
                              /home/bichar4/STM32Toolchain/gcc-arm/bin/../lib/gcc/arm-none-eabi/7.2.1/thumb/v7e-m/libgcc.a(unwind-arm.o) (__gnu_unwind_execute)
/home/bichar4/STM32Toolchain/gcc-arm/bin/../lib/gcc/arm-none-eabi/7.2.1/../../../../arm-none-eabi/lib/thumb/v7e-m/libg_nano.a(lib_a-errno.o)
                              ./system/src/newlib/_sbrk.o (__errno)
/home/bichar4/STM32Toolchain/gcc-arm/bin/../lib/gcc/arm-none-eabi/7.2.1/../../../../arm-none-eabi/lib/thumb/v7e-m/libg_nano.a(lib_a-impure.o)
                              /home/bichar4/STM32Toolchain/gcc-arm/bin/../lib/gcc/arm-none-eabi/7.2.1/../../../../arm-none-eabi/lib/thumb/v7e-m/libg_nano.a(lib_a-errno.o) (_impure_ptr)
/home/bichar4/STM32Toolchain/gcc-arm/bin/../lib/gcc/arm-none-eabi/7.2.1/../../../../arm-none-eabi/lib/thumb/v7e-m/libg_nano.a(lib_a-init.o)
                              ./system/src/cmsis/startup_stm32f103xb.o (__libc_init_array)
/home/bichar4/STM32Toolchain/gcc-arm/bin/../lib/gcc/arm-none-eabi/7.2.1/../../../../arm-none-eabi/lib/thumb/v7e-m/libg_nano.a(lib_a-memcpy-stub.o)
                              /home/bichar4/STM32Toolchain/gcc-arm/bin/../lib/gcc/arm-none-eabi/7.2.1/thumb/v7e-m/libgcc.a(unwind-arm.o) (memcpy)
/home/bichar4/STM32Toolchain/gcc-arm/bin/../lib/gcc/arm-none-eabi/7.2.1/../../../../arm-none-eabi/lib/thumb/v7e-m/libg_nano.a(lib_a-strlen.o)
                              ./system/src/diag/Trace.o (strlen)
/home/bichar4/STM32Toolchain/gcc-arm/bin/../lib/gcc/arm-none-eabi/7.2.1/../../../../arm-none-eabi/lib/thumb/v7e-m/libg_nano.a(lib_a-vsnprintf.o)
                              ./system/src/diag/Trace.o (vsnprintf)
/home/bichar4/STM32Toolchain/gcc-arm/bin/../lib/gcc/arm-none-eabi/7.2.1/../../../../arm-none-eabi/lib/thumb/v7e-m/libg_nano.a(lib_a-nano-svfprintf.o)
                              /home/bichar4/STM32Toolchain/gcc-arm/bin/../lib/gcc/arm-none-eabi/7.2.1/../../../../arm-none-eabi/lib/thumb/v7e-m/libg_nano.a(lib_a-vsnprintf.o) (_svfprintf_r)
/home/bichar4/STM32Toolchain/gcc-arm/bin/../lib/gcc/arm-none-eabi/7.2.1/../../../../arm-none-eabi/lib/thumb/v7e-m/libg_nano.a(lib_a-nano-vfprintf_i.o)
                              /home/bichar4/STM32Toolchain/gcc-arm/bin/../lib/gcc/arm-none-eabi/7.2.1/../../../../arm-none-eabi/lib/thumb/v7e-m/libg_nano.a(lib_a-nano-svfprintf.o) (_printf_i)
/home/bichar4/STM32Toolchain/gcc-arm/bin/../lib/gcc/arm-none-eabi/7.2.1/../../../../arm-none-eabi/lib/thumb/v7e-m/libg_nano.a(lib_a-memchr.o)
                              /home/bichar4/STM32Toolchain/gcc-arm/bin/../lib/gcc/arm-none-eabi/7.2.1/../../../../arm-none-eabi/lib/thumb/v7e-m/libg_nano.a(lib_a-nano-svfprintf.o) (memchr)
/home/bichar4/STM32Toolchain/gcc-arm/bin/../lib/gcc/arm-none-eabi/7.2.1/../../../../arm-none-eabi/lib/thumb/v7e-m/libg_nano.a(lib_a-memmove.o)
                              /home/bichar4/STM32Toolchain/gcc-arm/bin/../lib/gcc/arm-none-eabi/7.2.1/../../../../arm-none-eabi/lib/thumb/v7e-m/libg_nano.a(lib_a-nano-svfprintf.o) (memmove)
/home/bichar4/STM32Toolchain/gcc-arm/bin/../lib/gcc/arm-none-eabi/7.2.1/../../../../arm-none-eabi/lib/thumb/v7e-m/libg_nano.a(lib_a-nano-freer.o)
                              /home/bichar4/STM32Toolchain/gcc-arm/bin/../lib/gcc/arm-none-eabi/7.2.1/../../../../arm-none-eabi/lib/thumb/v7e-m/libg_nano.a(lib_a-nano-svfprintf.o) (_free_r)
/home/bichar4/STM32Toolchain/gcc-arm/bin/../lib/gcc/arm-none-eabi/7.2.1/../../../../arm-none-eabi/lib/thumb/v7e-m/libg_nano.a(lib_a-nano-mallocr.o)
                              /home/bichar4/STM32Toolchain/gcc-arm/bin/../lib/gcc/arm-none-eabi/7.2.1/../../../../arm-none-eabi/lib/thumb/v7e-m/libg_nano.a(lib_a-nano-svfprintf.o) (_malloc_r)
/home/bichar4/STM32Toolchain/gcc-arm/bin/../lib/gcc/arm-none-eabi/7.2.1/../../../../arm-none-eabi/lib/thumb/v7e-m/libg_nano.a(lib_a-nano-reallocr.o)
                              /home/bichar4/STM32Toolchain/gcc-arm/bin/../lib/gcc/arm-none-eabi/7.2.1/../../../../arm-none-eabi/lib/thumb/v7e-m/libg_nano.a(lib_a-nano-svfprintf.o) (_realloc_r)
/home/bichar4/STM32Toolchain/gcc-arm/bin/../lib/gcc/arm-none-eabi/7.2.1/../../../../arm-none-eabi/lib/thumb/v7e-m/libg_nano.a(lib_a-sbrkr.o)
                              /home/bichar4/STM32Toolchain/gcc-arm/bin/../lib/gcc/arm-none-eabi/7.2.1/../../../../arm-none-eabi/lib/thumb/v7e-m/libg_nano.a(lib_a-nano-mallocr.o) (_sbrk_r)
[...]
Memory Configuration

Name             Origin             Length             Attributes
FLASH            0x0000000008000000 0x0000000000010000 xr
RAM              0x0000000020000000 0x0000000000005000 xrw
CCMRAM           0x0000000010000000 0x0000000000000000 xrw
FLASHB1          0x0000000000000000 0x0000000000000000 xr
EXTMEMB0         0x0000000000000000 0x0000000000000000 xr
EXTMEMB1         0x0000000000000000 0x0000000000000000 xr
EXTMEMB2         0x0000000000000000 0x0000000000000000 xr
EXTMEMB3         0x0000000000000000 0x0000000000000000 xr
*default*        0x0000000000000000 0xffffffffffffffff

Linker script and memory map

LOAD ./system/src/stm32f1xx/stm32f1xx_hal.o
LOAD ./system/src/stm32f1xx/stm32f1xx_hal_cortex.o
LOAD ./system/src/stm32f1xx/stm32f1xx_hal_dma.o
LOAD ./system/src/stm32f1xx/stm32f1xx_hal_flash.o
LOAD ./system/src/stm32f1xx/stm32f1xx_hal_flash_ex.o
LOAD ./system/src/stm32f1xx/stm32f1xx_hal_gpio.o
LOAD ./system/src/stm32f1xx/stm32f1xx_hal_gpio_ex.o
LOAD ./system/src/stm32f1xx/stm32f1xx_hal_pwr.o
LOAD ./system/src/stm32f1xx/stm32f1xx_hal_rcc.o
LOAD ./system/src/stm32f1xx/stm32f1xx_hal_rcc_ex.o
LOAD ./system/src/stm32f1xx/stm32f1xx_hal_tim.o
LOAD ./system/src/stm32f1xx/stm32f1xx_hal_tim_ex.o
LOAD ./system/src/newlib/_cxx.o
LOAD ./system/src/newlib/_exit.o
LOAD ./system/src/newlib/_sbrk.o
LOAD ./system/src/newlib/_startup.o
LOAD ./system/src/newlib/_syscalls.o
LOAD ./system/src/newlib/assert.o
LOAD ./system/src/diag/Trace.o
LOAD ./system/src/diag/trace_impl.o
LOAD ./system/src/cortexm/_initialize_hardware.o
LOAD ./system/src/cortexm/_reset_hardware.o
LOAD ./system/src/cortexm/exception_handlers.o
LOAD ./system/src/cmsis/startup_stm32f103xb.o
LOAD ./system/src/cmsis/system_stm32f1xx.o
LOAD ./src/gpio_interface.o
LOAD ./src/main.o
LOAD ./src/stm32f1xx_hal_msp.o
LOAD ./src/stm32f1xx_it.o
LOAD /home/bichar4/STM32Toolchain/gcc-arm/bin/../lib/gcc/arm-none-eabi/7.2.1/../../../../arm-none-eabi/lib/thumb/v7e-m/libstdc++_nano.a
LOAD /home/bichar4/STM32Toolchain/gcc-arm/bin/../lib/gcc/arm-none-eabi/7.2.1/../../../../arm-none-eabi/lib/thumb/v7e-m/libm.a
START GROUP
LOAD /home/bichar4/STM32Toolchain/gcc-arm/bin/../lib/gcc/arm-none-eabi/7.2.1/thumb/v7e-m/libgcc.a
LOAD /home/bichar4/STM32Toolchain/gcc-arm/bin/../lib/gcc/arm-none-eabi/7.2.1/../../../../arm-none-eabi/lib/thumb/v7e-m/libg_nano.a
LOAD /home/bichar4/STM32Toolchain/gcc-arm/bin/../lib/gcc/arm-none-eabi/7.2.1/../../../../arm-none-eabi/lib/thumb/v7e-m/libc_nano.a
END GROUP
START GROUP
LOAD /home/bichar4/STM32Toolchain/gcc-arm/bin/../lib/gcc/arm-none-eabi/7.2.1/thumb/v7e-m/libgcc.a
LOAD /home/bichar4/STM32Toolchain/gcc-arm/bin/../lib/gcc/arm-none-eabi/7.2.1/../../../../arm-none-eabi/lib/thumb/v7e-m/libc_nano.a
END GROUP
                0x0000000020005000                __stack = (ORIGIN (RAM) + LENGTH (RAM))
                0x0000000020005000                _estack = __stack
                0x0000000000000400                __Main_Stack_Size = 0x400
                [!provide]                        PROVIDE (_Main_Stack_Size, __Main_Stack_Size)
                0x0000000020004c00                __Main_Stack_Limit = (__stack - __Main_Stack_Size)
                [!provide]                        PROVIDE (_Main_Stack_Limit, __Main_Stack_Limit)
                0x0000000000000100                _Minimum_Stack_Size = 0x100
                0x0000000020000120                PROVIDE (_Heap_Begin, _end_noinit)
                0x0000000020004c00                PROVIDE (_Heap_Limit, (__stack - __Main_Stack_Size))

.isr_vector     0x0000000008000000      0x324
 FILL mask 0xff
                0x0000000008000000                __vectors_start = ABSOLUTE (.)
                0x0000000008000000                __vectors_start__ = ABSOLUTE (.)
 *(.isr_vector)
 .isr_vector    0x0000000008000000      0x10c ./system/src/cmsis/startup_stm32f103xb.o
                0x0000000008000000                g_pfnVectors
 *(.cfmconfig)
 *(.after_vectors .after_vectors.*)
 .after_vectors
                0x000000000800010c      0x114 ./system/src/newlib/_startup.o
                0x000000000800010c                _start
 .after_vectors
                0x0000000008000220      0x104 ./system/src/cortexm/exception_handlers.o
                0x0000000008000220                Reset_Handler
                0x000000000800023e                HardFault_Handler_C
                0x000000000800028c                BusFault_Handler_C
                0x00000000080002d4                UsageFault_Handler_C

.inits          0x0000000008000324       0x28
                0x0000000008000324                __data_regions_array_start = .
                0x0000000008000324        0x4 LONG 0x8001530 LOADADDR (.data)
                0x0000000008000328        0x4 LONG 0x20000000 ADDR (.data)
                0x000000000800032c        0x4 LONG 0x20000080 (ADDR (.data) + SIZEOF (.data))
                0x0000000008000330        0x4 LONG 0x8001530 LOADADDR (.data_CCMRAM)
                0x0000000008000334        0x4 LONG 0x10000000 ADDR (.data_CCMRAM)
                0x0000000008000338        0x4 LONG 0x10000000 (ADDR (.data_CCMRAM) + SIZEOF (.data_CCMRAM))
                0x000000000800033c                __data_regions_array_end = .
                0x000000000800033c                __bss_regions_array_start = .
                0x000000000800033c        0x4 LONG 0x20000080 ADDR (.bss)
                0x0000000008000340        0x4 LONG 0x20000120 (ADDR (.bss) + SIZEOF (.bss))
                0x0000000008000344        0x4 LONG 0x10000000 ADDR (.bss_CCMRAM)
                0x0000000008000348        0x4 LONG 0x10000000 (ADDR (.bss_CCMRAM) + SIZEOF (.bss_CCMRAM))
                0x000000000800034c                __bss_regions_array_end = .
 *(.init)
 *(.fini)
                0x000000000800034c                . = ALIGN (0x4)
                0x000000000800034c                PROVIDE (__preinit_array_start, .)
 *(.preinit_array_sysinit .preinit_array_sysinit.*)
 *(.preinit_array_platform .preinit_array_platform.*)
 *(.preinit_array .preinit_array.*)
                0x000000000800034c                PROVIDE (__preinit_array_end, .)
                0x000000000800034c                . = ALIGN (0x4)
                0x000000000800034c                PROVIDE (__init_array_start, .)
 *(SORT_BY_NAME(.init_array.*))
 *(.init_array)
                0x000000000800034c                PROVIDE (__init_array_end, .)
                0x000000000800034c                . = ALIGN (0x4)
                0x000000000800034c                PROVIDE (__fini_array_start, .)
 *(SORT_BY_NAME(.fini_array.*))
 *(.fini_array)
                0x000000000800034c                PROVIDE (__fini_array_end, .)

.flashtext
 *(.flashtext .flashtext.*)

.text           0x0000000008000350     0x11df
 *(.text .text.*)
 .text.HAL_InitTick
                0x0000000008000350       0x4c ./system/src/stm32f1xx/stm32f1xx_hal.o
                0x0000000008000350                HAL_InitTick
 .text.HAL_Init
                0x000000000800039c       0x24 ./system/src/stm32f1xx/stm32f1xx_hal.o
                0x000000000800039c                HAL_Init
 .text.HAL_NVIC_SetPriorityGrouping
                0x00000000080003c0       0x24 ./system/src/stm32f1xx/stm32f1xx_hal_cortex.o
                0x00000000080003c0                HAL_NVIC_SetPriorityGrouping
 .text.HAL_NVIC_SetPriority
                0x00000000080003e4       0x68 ./system/src/stm32f1xx/stm32f1xx_hal_cortex.o
                0x00000000080003e4                HAL_NVIC_SetPriority
 .text.HAL_NVIC_EnableIRQ
                0x000000000800044c       0x18 ./system/src/stm32f1xx/stm32f1xx_hal_cortex.o
                0x000000000800044c                HAL_NVIC_EnableIRQ
 .text.HAL_SYSTICK_Config
                0x0000000008000464       0x2c ./system/src/stm32f1xx/stm32f1xx_hal_cortex.o
                0x0000000008000464                HAL_SYSTICK_Config
 .text.HAL_SYSTICK_Callback
                0x0000000008000490        0x2 ./system/src/stm32f1xx/stm32f1xx_hal_cortex.o
                0x0000000008000490                HAL_SYSTICK_Callback
 .text.HAL_SYSTICK_IRQHandler
                0x0000000008000492        0x8 ./system/src/stm32f1xx/stm32f1xx_hal_cortex.o
                0x0000000008000492                HAL_SYSTICK_IRQHandler
 *fill*         0x000000000800049a        0x2 
 .text.HAL_GPIO_Init
                0x000000000800049c      0x1d4 ./system/src/stm32f1xx/stm32f1xx_hal_gpio.o
                0x000000000800049c                HAL_GPIO_Init
 .text.HAL_GPIO_TogglePin
                0x0000000008000670        0x8 ./system/src/stm32f1xx/stm32f1xx_hal_gpio.o
                0x0000000008000670                HAL_GPIO_TogglePin
 .text._exit    0x0000000008000678        0x2 ./system/src/newlib/_exit.o
                0x0000000008000678                _exit
 *fill*         0x000000000800067a        0x2 
 .text._sbrk    0x000000000800067c       0x44 ./system/src/newlib/_sbrk.o
                0x000000000800067c                _sbrk
 .text.__initialize_args
                0x00000000080006c0       0x10 ./system/src/newlib/_syscalls.o
                0x00000000080006c0                __initialize_args
 .text.trace_printf
                0x00000000080006d0       0x30 ./system/src/diag/Trace.o
                0x00000000080006d0                trace_printf
 .text.trace_write
                0x0000000008000700        0x6 ./system/src/diag/trace_impl.o
                0x0000000008000700                trace_write
 *fill*         0x0000000008000706        0x2 
 .text.__initialize_hardware_early
                0x0000000008000708       0x18 ./system/src/cortexm/_initialize_hardware.o
                0x0000000008000708                __initialize_hardware_early
 .text.__initialize_hardware
                0x0000000008000720        0x8 ./system/src/cortexm/_initialize_hardware.o
                0x0000000008000720                __initialize_hardware
 .text.dumpExceptionStack
                0x0000000008000728       0xf4 ./system/src/cortexm/exception_handlers.o
                0x0000000008000728                dumpExceptionStack
 .text.Default_Handler
                0x000000000800081c        0x2 ./system/src/cmsis/startup_stm32f103xb.o
                0x000000000800081c                RTC_Alarm_IRQHandler
                0x000000000800081c                EXTI2_IRQHandler
                0x000000000800081c                TIM1_CC_IRQHandler
                0x000000000800081c                PVD_IRQHandler
                0x000000000800081c                EXTI3_IRQHandler
                0x000000000800081c                EXTI0_IRQHandler
                0x000000000800081c                I2C2_EV_IRQHandler
                0x000000000800081c                ADC1_2_IRQHandler
                0x000000000800081c                SPI1_IRQHandler
                0x000000000800081c                TAMPER_IRQHandler
                0x000000000800081c                DMA1_Channel4_IRQHandler
                0x000000000800081c                USART3_IRQHandler
                0x000000000800081c                RTC_IRQHandler
                0x000000000800081c                DMA1_Channel7_IRQHandler
                0x000000000800081c                CAN1_RX1_IRQHandler
                0x000000000800081c                TIM4_IRQHandler
                0x000000000800081c                I2C1_EV_IRQHandler
                0x000000000800081c                DMA1_Channel6_IRQHandler
                0x000000000800081c                TIM3_IRQHandler
                0x000000000800081c                RCC_IRQHandler
                0x000000000800081c                TIM1_TRG_COM_IRQHandler
                0x000000000800081c                DMA1_Channel1_IRQHandler
                0x000000000800081c                Default_Handler
                0x000000000800081c                EXTI15_10_IRQHandler
                0x000000000800081c                EXTI9_5_IRQHandler
                0x000000000800081c                SPI2_IRQHandler
                0x000000000800081c                DMA1_Channel5_IRQHandler
                0x000000000800081c                EXTI4_IRQHandler
                0x000000000800081c                USB_LP_CAN1_RX0_IRQHandler
                0x000000000800081c                USB_HP_CAN1_TX_IRQHandler
                0x000000000800081c                DMA1_Channel3_IRQHandler
                0x000000000800081c                TIM1_UP_IRQHandler
                0x000000000800081c                WWDG_IRQHandler
                0x000000000800081c                TIM2_IRQHandler
                0x000000000800081c                TIM1_BRK_IRQHandler
                0x000000000800081c                EXTI1_IRQHandler
                0x000000000800081c                USART2_IRQHandler
                0x000000000800081c                I2C2_ER_IRQHandler
                0x000000000800081c                DMA1_Channel2_IRQHandler
                0x000000000800081c                CAN1_SCE_IRQHandler
                0x000000000800081c                FLASH_IRQHandler
                0x000000000800081c                USART1_IRQHandler
                0x000000000800081c                I2C1_ER_IRQHandler
                0x000000000800081c                USBWakeUp_IRQHandler
 *fill*         0x000000000800081e        0x2 
 .text.SystemInit
                0x0000000008000820       0x4c ./system/src/cmsis/system_stm32f1xx.o
                0x0000000008000820                SystemInit
 .text.SystemCoreClockUpdate
                0x000000000800086c       0x94 ./system/src/cmsis/system_stm32f1xx.o
                0x000000000800086c                SystemCoreClockUpdate
 .text.configure_gpio_pin
                0x0000000008000900       0x34 ./src/gpio_interface.o
                0x0000000008000900                configure_gpio_pin
 .text.enable_gpio_clock
                0x0000000008000934       0x18 ./src/gpio_interface.o
                0x0000000008000934                enable_gpio_clock
 .text.getTick  0x000000000800094c        0xc ./src/gpio_interface.o
                0x000000000800094c                getTick
 .text.delay_ms
                0x0000000008000958       0x1e ./src/gpio_interface.o
                0x0000000008000958                delay_ms
 *fill*         0x0000000008000976        0x2 
 .text.incTick  0x0000000008000978       0x10 ./src/gpio_interface.o
                0x0000000008000978                incTick
 .text.MX_GPIO_Init
                0x0000000008000988       0x50 ./src/main.o
 .text.main     0x00000000080009d8       0x30 ./src/main.o
                0x00000000080009d8                main
 .text.HAL_MspInit
                0x0000000008000a08       0x90 ./src/stm32f1xx_hal_msp.o
                0x0000000008000a08                HAL_MspInit
 .text.NMI_Handler
                0x0000000008000a98        0x2 ./src/stm32f1xx_it.o
                0x0000000008000a98                NMI_Handler
 .text.HardFault_Handler
                0x0000000008000a9a        0x2 ./src/stm32f1xx_it.o
                0x0000000008000a9a                HardFault_Handler
 .text.MemManage_Handler
                0x0000000008000a9c        0x2 ./src/stm32f1xx_it.o
                0x0000000008000a9c                MemManage_Handler
 .text.BusFault_Handler
                0x0000000008000a9e        0x2 ./src/stm32f1xx_it.o
                0x0000000008000a9e                BusFault_Handler
 .text.UsageFault_Handler
                0x0000000008000aa0        0x2 ./src/stm32f1xx_it.o
                0x0000000008000aa0                UsageFault_Handler
 .text.SVC_Handler
                0x0000000008000aa2        0x2 ./src/stm32f1xx_it.o
                0x0000000008000aa2                SVC_Handler
 .text.DebugMon_Handler
                0x0000000008000aa4        0x2 ./src/stm32f1xx_it.o
                0x0000000008000aa4                DebugMon_Handler
 .text.PendSV_Handler
                0x0000000008000aa6        0x2 ./src/stm32f1xx_it.o
                0x0000000008000aa6                PendSV_Handler
 .text.SysTick_Handler
                0x0000000008000aa8        0xc ./src/stm32f1xx_it.o
                0x0000000008000aa8                SysTick_Handler
 .text.__errno  0x0000000008000ab4        0xc /home/bichar4/STM32Toolchain/gcc-arm/bin/../lib/gcc/arm-none-eabi/7.2.1/../../../../arm-none-eabi/lib/thumb/v7e-m/libg_nano.a(lib_a-errno.o)
                0x0000000008000ab4                __errno
 .text.memcpy   0x0000000008000ac0       0x16 /home/bichar4/STM32Toolchain/gcc-arm/bin/../lib/gcc/arm-none-eabi/7.2.1/../../../../arm-none-eabi/lib/thumb/v7e-m/libg_nano.a(lib_a-memcpy-stub.o)
                0x0000000008000ac0                memcpy
 .text._vsnprintf_r
                0x0000000008000ad6       0x58 /home/bichar4/STM32Toolchain/gcc-arm/bin/../lib/gcc/arm-none-eabi/7.2.1/../../../../arm-none-eabi/lib/thumb/v7e-m/libg_nano.a(lib_a-vsnprintf.o)
                0x0000000008000ad6                _vsnprintf_r
                0x0000000008000ad6                _vsniprintf_r
 *fill*         0x0000000008000b2e        0x2 
 .text.vsnprintf
                0x0000000008000b30       0x1c /home/bichar4/STM32Toolchain/gcc-arm/bin/../lib/gcc/arm-none-eabi/7.2.1/../../../../arm-none-eabi/lib/thumb/v7e-m/libg_nano.a(lib_a-vsnprintf.o)
                0x0000000008000b30                vsnprintf
                0x0000000008000b30                vsniprintf
 .text.__ssputs_r
                0x0000000008000b4c       0xb4 /home/bichar4/STM32Toolchain/gcc-arm/bin/../lib/gcc/arm-none-eabi/7.2.1/../../../../arm-none-eabi/lib/thumb/v7e-m/libg_nano.a(lib_a-nano-svfprintf.o)
                0x0000000008000b4c                __ssputs_r
 .text._svfprintf_r
                0x0000000008000c00      0x1ec /home/bichar4/STM32Toolchain/gcc-arm/bin/../lib/gcc/arm-none-eabi/7.2.1/../../../../arm-none-eabi/lib/thumb/v7e-m/libg_nano.a(lib_a-nano-svfprintf.o)
                0x0000000008000c00                _svfprintf_r
                0x0000000008000c00                _svfiprintf_r
 .text._printf_common
                0x0000000008000dec       0xea /home/bichar4/STM32Toolchain/gcc-arm/bin/../lib/gcc/arm-none-eabi/7.2.1/../../../../arm-none-eabi/lib/thumb/v7e-m/libg_nano.a(lib_a-nano-vfprintf_i.o)
                0x0000000008000dec                _printf_common
 *fill*         0x0000000008000ed6        0x2 
 .text._printf_i
                0x0000000008000ed8      0x224 /home/bichar4/STM32Toolchain/gcc-arm/bin/../lib/gcc/arm-none-eabi/7.2.1/../../../../arm-none-eabi/lib/thumb/v7e-m/libg_nano.a(lib_a-nano-vfprintf_i.o)
                0x0000000008000ed8                _printf_i
 *fill*         0x00000000080010fc        0x4 
 .text          0x0000000008001100       0xa0 /home/bichar4/STM32Toolchain/gcc-arm/bin/../lib/gcc/arm-none-eabi/7.2.1/../../../../arm-none-eabi/lib/thumb/v7e-m/libg_nano.a(lib_a-memchr.o)
                0x0000000008001100                memchr
 .text.memmove  0x00000000080011a0       0x32 /home/bichar4/STM32Toolchain/gcc-arm/bin/../lib/gcc/arm-none-eabi/7.2.1/../../../../arm-none-eabi/lib/thumb/v7e-m/libg_nano.a(lib_a-memmove.o)
                0x00000000080011a0                memmove
 *fill*         0x00000000080011d2        0x2 
 .text._free_r  0x00000000080011d4       0x9c /home/bichar4/STM32Toolchain/gcc-arm/bin/../lib/gcc/arm-none-eabi/7.2.1/../../../../arm-none-eabi/lib/thumb/v7e-m/libg_nano.a(lib_a-nano-freer.o)
                0x00000000080011d4                _free_r
 .text._malloc_r
                0x0000000008001270       0xb4 /home/bichar4/STM32Toolchain/gcc-arm/bin/../lib/gcc/arm-none-eabi/7.2.1/../../../../arm-none-eabi/lib/thumb/v7e-m/libg_nano.a(lib_a-nano-mallocr.o)
                0x0000000008001270                _malloc_r
 .text._realloc_r
                0x0000000008001324       0x4c /home/bichar4/STM32Toolchain/gcc-arm/bin/../lib/gcc/arm-none-eabi/7.2.1/../../../../arm-none-eabi/lib/thumb/v7e-m/libg_nano.a(lib_a-nano-reallocr.o)
                0x0000000008001324                _realloc_r
 .text._sbrk_r  0x0000000008001370       0x20 /home/bichar4/STM32Toolchain/gcc-arm/bin/../lib/gcc/arm-none-eabi/7.2.1/../../../../arm-none-eabi/lib/thumb/v7e-m/libg_nano.a(lib_a-sbrkr.o)
                0x0000000008001370                _sbrk_r
 .text.__malloc_lock
                0x0000000008001390        0x2 /home/bichar4/STM32Toolchain/gcc-arm/bin/../lib/gcc/arm-none-eabi/7.2.1/../../../../arm-none-eabi/lib/thumb/v7e-m/libg_nano.a(lib_a-mlock.o)
                0x0000000008001390                __malloc_lock
 .text.__malloc_unlock
                0x0000000008001392        0x2 /home/bichar4/STM32Toolchain/gcc-arm/bin/../lib/gcc/arm-none-eabi/7.2.1/../../../../arm-none-eabi/lib/thumb/v7e-m/libg_nano.a(lib_a-mlock.o)
                0x0000000008001392                __malloc_unlock
 .text._malloc_usable_size_r
                0x0000000008001394       0x10 /home/bichar4/STM32Toolchain/gcc-arm/bin/../lib/gcc/arm-none-eabi/7.2.1/../../../../arm-none-eabi/lib/thumb/v7e-m/libg_nano.a(lib_a-nano-msizer.o)
                0x0000000008001394                _malloc_usable_size_r
 *(.rodata .rodata.* .constdata .constdata.*)
 .rodata.dumpExceptionStack.str1.4
                0x00000000080013a4      0x11a ./system/src/cortexm/exception_handlers.o
 *fill*         0x00000000080014be        0x2 
 .rodata.str1.4
                0x00000000080014c0       0x2c ./system/src/cortexm/exception_handlers.o
                                         0x2a (size before relaxing)
 .rodata.AHBPrescTable
                0x00000000080014ec       0x10 ./system/src/cmsis/system_stm32f1xx.o
                0x00000000080014ec                AHBPrescTable
 .rodata._svfprintf_r.str1.1
                0x00000000080014fc       0x11 /home/bichar4/STM32Toolchain/gcc-arm/bin/../lib/gcc/arm-none-eabi/7.2.1/../../../../arm-none-eabi/lib/thumb/v7e-m/libg_nano.a(lib_a-nano-svfprintf.o)
 .rodata._printf_i.str1.1
                0x000000000800150d       0x22 /home/bichar4/STM32Toolchain/gcc-arm/bin/../lib/gcc/arm-none-eabi/7.2.1/../../../../arm-none-eabi/lib/thumb/v7e-m/libg_nano.a(lib_a-nano-vfprintf_i.o)
 *(vtable)
 *(.eh_frame*)
 *(.glue_7)
 .glue_7        0x000000000800152f        0x0 linker stubs
 *(.glue_7t)
 .glue_7t       0x000000000800152f        0x0 linker stubs

.vfp11_veneer   0x0000000008001530        0x0
 .vfp11_veneer  0x0000000008001530        0x0 linker stubs

.v4_bx          0x0000000008001530        0x0
 .v4_bx         0x0000000008001530        0x0 linker stubs

.iplt           0x0000000008001530        0x0
 .iplt          0x0000000008001530        0x0 ./system/src/stm32f1xx/stm32f1xx_hal.o

.rel.dyn        0x0000000008001530        0x0
 .rel.iplt      0x0000000008001530        0x0 ./system/src/stm32f1xx/stm32f1xx_hal.o

.ARM.extab
 *(.ARM.extab* .gnu.linkonce.armextab.*)
                0x0000000008001530                . = ALIGN (0x4)
                0x0000000008001530                __exidx_start = .

.ARM.exidx
 *(.ARM.exidx* .gnu.linkonce.armexidx.*)
                0x0000000008001530                __exidx_end = .
                0x0000000008001530                . = ALIGN (0x4)
                0x0000000008001530                _etext = .
                0x0000000008001530                __etext = .

.data_CCMRAM    0x0000000010000000        0x0 load address 0x0000000008001530
 FILL mask 0xff
 *(.data.CCMRAM .data.CCMRAM.*)
                0x0000000010000000                . = ALIGN (0x4)
                0x0000000008001530                _sidata = LOADADDR (.data)

.data           0x0000000020000000       0x80 load address 0x0000000008001530
 FILL mask 0xff
                0x0000000020000000                _sdata = .
                0x0000000020000000                __data_start__ = .
 *(.data_begin .data_begin.*)
 .data_begin    0x0000000020000000        0x4 ./system/src/newlib/_startup.o
 *(.data .data.*)
 .data.uwTickFreq
                0x0000000020000004        0x1 ./system/src/stm32f1xx/stm32f1xx_hal.o
                0x0000000020000004                uwTickFreq
 *fill*         0x0000000020000005        0x3 ff
 .data.uwTickPrio
                0x0000000020000008        0x4 ./system/src/stm32f1xx/stm32f1xx_hal.o
                0x0000000020000008                uwTickPrio
 .data.argv.4310
                0x000000002000000c        0x8 ./system/src/newlib/_syscalls.o
 .data.SystemCoreClock
                0x0000000020000014        0x4 ./system/src/cmsis/system_stm32f1xx.o
                0x0000000020000014                SystemCoreClock
 .data._impure_ptr
                0x0000000020000018        0x4 /home/bichar4/STM32Toolchain/gcc-arm/bin/../lib/gcc/arm-none-eabi/7.2.1/../../../../arm-none-eabi/lib/thumb/v7e-m/libg_nano.a(lib_a-impure.o)
                0x0000000020000018                _impure_ptr
 .data.impure_data
                0x000000002000001c       0x60 /home/bichar4/STM32Toolchain/gcc-arm/bin/../lib/gcc/arm-none-eabi/7.2.1/../../../../arm-none-eabi/lib/thumb/v7e-m/libg_nano.a(lib_a-impure.o)
 *(.data_end .data_end.*)
 .data_end      0x000000002000007c        0x4 ./system/src/newlib/_startup.o
                0x0000000020000080                . = ALIGN (0x4)
                0x0000000020000080                _edata = .
                0x0000000020000080                __data_end__ = .

.igot.plt       0x0000000020000080        0x0 load address 0x00000000080015b0
 .igot.plt      0x0000000020000080        0x0 ./system/src/stm32f1xx/stm32f1xx_hal.o

.bss_CCMRAM     0x0000000010000000        0x0
 *(.bss.CCMRAM .bss.CCMRAM.*)

.bss            0x0000000020000080       0xa0
                0x0000000020000080                __bss_start__ = .
                0x0000000020000080                _sbss = .
 *(.bss_begin .bss_begin.*)
 .bss_begin     0x0000000020000080        0x4 ./system/src/newlib/_startup.o
 *(.bss .bss.*)
 .bss.current_heap_end.3961
                0x0000000020000084        0x4 ./system/src/newlib/_sbrk.o
 .bss.name.4309
                0x0000000020000088        0x1 ./system/src/newlib/_syscalls.o
 *fill*         0x0000000020000089        0x3 
 .bss.buf.5205  0x000000002000008c       0x80 ./system/src/diag/Trace.o
 .bss.__malloc_free_list
                0x000000002000010c        0x4 /home/bichar4/STM32Toolchain/gcc-arm/bin/../lib/gcc/arm-none-eabi/7.2.1/../../../../arm-none-eabi/lib/thumb/v7e-m/libg_nano.a(lib_a-nano-mallocr.o)
                0x000000002000010c                __malloc_free_list
 .bss.__malloc_sbrk_start
                0x0000000020000110        0x4 /home/bichar4/STM32Toolchain/gcc-arm/bin/../lib/gcc/arm-none-eabi/7.2.1/../../../../arm-none-eabi/lib/thumb/v7e-m/libg_nano.a(lib_a-nano-mallocr.o)
                0x0000000020000110                __malloc_sbrk_start
 *(COMMON)
 COMMON         0x0000000020000114        0x4 ./system/src/newlib/_syscalls.o
                0x0000000020000114                errno
 COMMON         0x0000000020000118        0x4 ./src/gpio_interface.o
                0x0000000020000118                uwTICK
 *(.bss_end .bss_end.*)
 .bss_end       0x000000002000011c        0x4 ./system/src/newlib/_startup.o
                0x0000000020000120                . = ALIGN (0x4)
                0x0000000020000120                __bss_end__ = .
                0x0000000020000120                _ebss = .

.noinit_CCMRAM
 *(.noinit.CCMRAM .noinit.CCMRAM.*)

.noinit         0x0000000020000120        0x0
                0x0000000020000120                _noinit = .
 *(.noinit .noinit.*)
                0x0000000020000120                . = ALIGN (0x4)
                0x0000000020000120                _end_noinit = .
                [!provide]                        PROVIDE (end, _end_noinit)
                [!provide]                        PROVIDE (_end, _end_noinit)
                [!provide]                        PROVIDE (__end, _end_noinit)
                [!provide]                        PROVIDE (__end__, _end_noinit)

._check_stack   0x0000000020000120      0x100
                0x0000000020000220                . = (. + _Minimum_Stack_Size)
 *fill*         0x0000000020000120      0x100 

.b1text
 *(.b1text)
 *(.b1rodata)
 *(.b1rodata.*)

.eb0text
 *(.eb0text)
 *(.eb0rodata)
 *(.eb0rodata.*)

.eb1text
 *(.eb1text)
 *(.eb1rodata)
 *(.eb1rodata.*)

.eb2text
 *(.eb2text)
 *(.eb2rodata)
 *(.eb2rodata.*)

.eb3text
 *(.eb3text)
 *(.eb3rodata)
 *(.eb3rodata.*)

.stab
 *(.stab)

.stabstr
 *(.stabstr)

.stab.excl
 *(.stab.excl)

.stab.exclstr
 *(.stab.exclstr)

.stab.index
 *(.stab.index)

.stab.indexstr
 *(.stab.indexstr)

.comment        0x0000000000000000       0x7e
 *(.comment)
 .comment       0x0000000000000000       0x7e ./system/src/stm32f1xx/stm32f1xx_hal.o
                                         0x7f (size before relaxing)
 .comment       0x000000000000007e       0x7f ./system/src/stm32f1xx/stm32f1xx_hal_cortex.o
 .comment       0x000000000000007e       0x7f ./system/src/stm32f1xx/stm32f1xx_hal_gpio.o
 .comment       0x000000000000007e       0x7f ./system/src/newlib/_exit.o
 .comment       0x000000000000007e       0x7f ./system/src/newlib/_sbrk.o
 .comment       0x000000000000007e       0x7f ./system/src/newlib/_startup.o
 .comment       0x000000000000007e       0x7f ./system/src/newlib/_syscalls.o
 .comment       0x000000000000007e       0x7f ./system/src/diag/Trace.o
 .comment       0x000000000000007e       0x7f ./system/src/diag/trace_impl.o
 .comment       0x000000000000007e       0x7f ./system/src/cortexm/_initialize_hardware.o
 .comment       0x000000000000007e       0x7f ./system/src/cortexm/exception_handlers.o
 .comment       0x000000000000007e       0x7f ./system/src/cmsis/system_stm32f1xx.o
 .comment       0x000000000000007e       0x7f ./src/gpio_interface.o
 .comment       0x000000000000007e       0x7f ./src/main.o
 .comment       0x000000000000007e       0x7f ./src/stm32f1xx_hal_msp.o
 .comment       0x000000000000007e       0x7f ./src/stm32f1xx_it.o

.ARM.attributes
                0x0000000000000000       0x31
 .ARM.attributes
                0x0000000000000000       0x33 ./system/src/stm32f1xx/stm32f1xx_hal.o
 .ARM.attributes
                0x0000000000000033       0x33 ./system/src/stm32f1xx/stm32f1xx_hal_cortex.o
 .ARM.attributes
                0x0000000000000066       0x33 ./system/src/stm32f1xx/stm32f1xx_hal_gpio.o
 .ARM.attributes
                0x0000000000000099       0x33 ./system/src/newlib/_exit.o
 .ARM.attributes
                0x00000000000000cc       0x33 ./system/src/newlib/_sbrk.o
 .ARM.attributes
                0x00000000000000ff       0x33 ./system/src/newlib/_startup.o
 .ARM.attributes
                0x0000000000000132       0x33 ./system/src/newlib/_syscalls.o
 .ARM.attributes
                0x0000000000000165       0x33 ./system/src/diag/Trace.o
 .ARM.attributes
                0x0000000000000198       0x33 ./system/src/diag/trace_impl.o
 .ARM.attributes
                0x00000000000001cb       0x33 ./system/src/cortexm/_initialize_hardware.o
 .ARM.attributes
                0x00000000000001fe       0x33 ./system/src/cortexm/exception_handlers.o
 .ARM.attributes
                0x0000000000000231       0x21 ./system/src/cmsis/startup_stm32f103xb.o
 .ARM.attributes
                0x0000000000000252       0x33 ./system/src/cmsis/system_stm32f1xx.o
 .ARM.attributes
                0x0000000000000285       0x33 ./src/gpio_interface.o
 .ARM.attributes
                0x00000000000002b8       0x33 ./src/main.o
 .ARM.attributes
                0x00000000000002eb       0x33 ./src/stm32f1xx_hal_msp.o
 .ARM.attributes
                0x000000000000031e       0x33 ./src/stm32f1xx_it.o
 .ARM.attributes
                0x0000000000000351       0x2e /home/bichar4/STM32Toolchain/gcc-arm/bin/../lib/gcc/arm-none-eabi/7.2.1/../../../../arm-none-eabi/lib/thumb/v7e-m/libg_nano.a(lib_a-errno.o)
 .ARM.attributes
                0x000000000000037f       0x2e /home/bichar4/STM32Toolchain/gcc-arm/bin/../lib/gcc/arm-none-eabi/7.2.1/../../../../arm-none-eabi/lib/thumb/v7e-m/libg_nano.a(lib_a-impure.o)
 .ARM.attributes
                0x00000000000003ad       0x2e /home/bichar4/STM32Toolchain/gcc-arm/bin/../lib/gcc/arm-none-eabi/7.2.1/../../../../arm-none-eabi/lib/thumb/v7e-m/libg_nano.a(lib_a-memcpy-stub.o)
 .ARM.attributes
                0x00000000000003db       0x2e /home/bichar4/STM32Toolchain/gcc-arm/bin/../lib/gcc/arm-none-eabi/7.2.1/../../../../arm-none-eabi/lib/thumb/v7e-m/libg_nano.a(lib_a-vsnprintf.o)
 .ARM.attributes
                0x0000000000000409       0x2e /home/bichar4/STM32Toolchain/gcc-arm/bin/../lib/gcc/arm-none-eabi/7.2.1/../../../../arm-none-eabi/lib/thumb/v7e-m/libg_nano.a(lib_a-nano-svfprintf.o)
 .ARM.attributes
                0x0000000000000437       0x2e /home/bichar4/STM32Toolchain/gcc-arm/bin/../lib/gcc/arm-none-eabi/7.2.1/../../../../arm-none-eabi/lib/thumb/v7e-m/libg_nano.a(lib_a-nano-vfprintf_i.o)
 .ARM.attributes
                0x0000000000000465       0x1c /home/bichar4/STM32Toolchain/gcc-arm/bin/../lib/gcc/arm-none-eabi/7.2.1/../../../../arm-none-eabi/lib/thumb/v7e-m/libg_nano.a(lib_a-memchr.o)
 .ARM.attributes
                0x0000000000000481       0x2e /home/bichar4/STM32Toolchain/gcc-arm/bin/../lib/gcc/arm-none-eabi/7.2.1/../../../../arm-none-eabi/lib/thumb/v7e-m/libg_nano.a(lib_a-memmove.o)
 .ARM.attributes
                0x00000000000004af       0x2e /home/bichar4/STM32Toolchain/gcc-arm/bin/../lib/gcc/arm-none-eabi/7.2.1/../../../../arm-none-eabi/lib/thumb/v7e-m/libg_nano.a(lib_a-nano-freer.o)
 .ARM.attributes
                0x00000000000004dd       0x2e /home/bichar4/STM32Toolchain/gcc-arm/bin/../lib/gcc/arm-none-eabi/7.2.1/../../../../arm-none-eabi/lib/thumb/v7e-m/libg_nano.a(lib_a-nano-mallocr.o)
 .ARM.attributes
                0x000000000000050b       0x2e /home/bichar4/STM32Toolchain/gcc-arm/bin/../lib/gcc/arm-none-eabi/7.2.1/../../../../arm-none-eabi/lib/thumb/v7e-m/libg_nano.a(lib_a-nano-reallocr.o)
 .ARM.attributes
                0x0000000000000539       0x2e /home/bichar4/STM32Toolchain/gcc-arm/bin/../lib/gcc/arm-none-eabi/7.2.1/../../../../arm-none-eabi/lib/thumb/v7e-m/libg_nano.a(lib_a-sbrkr.o)
 .ARM.attributes
                0x0000000000000567       0x2e /home/bichar4/STM32Toolchain/gcc-arm/bin/../lib/gcc/arm-none-eabi/7.2.1/../../../../arm-none-eabi/lib/thumb/v7e-m/libg_nano.a(lib_a-mlock.o)
 .ARM.attributes
                0x0000000000000595       0x2e /home/bichar4/STM32Toolchain/gcc-arm/bin/../lib/gcc/arm-none-eabi/7.2.1/../../../../arm-none-eabi/lib/thumb/v7e-m/libg_nano.a(lib_a-nano-msizer.o)

.debug
 *(.debug)

.line
 *(.line)

.debug_srcinfo
 *(.debug_srcinfo)

.debug_sfnames
 *(.debug_sfnames)

.debug_aranges  0x0000000000000000      0x4c8
 *(.debug_aranges)
 .debug_aranges
                0x0000000000000000       0xd0 ./system/src/stm32f1xx/stm32f1xx_hal.o
 .debug_aranges
                0x00000000000000d0       0x90 ./system/src/stm32f1xx/stm32f1xx_hal_cortex.o
 .debug_aranges
                0x0000000000000160       0x58 ./system/src/stm32f1xx/stm32f1xx_hal_gpio.o
 .debug_aranges
                0x00000000000001b8       0x28 ./system/src/newlib/_exit.o
 .debug_aranges
                0x00000000000001e0       0x20 ./system/src/newlib/_sbrk.o
 .debug_aranges
                0x0000000000000200       0x40 ./system/src/newlib/_startup.o
 .debug_aranges
                0x0000000000000240       0x30 ./system/src/newlib/_syscalls.o
 .debug_aranges
                0x0000000000000270       0x38 ./system/src/diag/Trace.o
 .debug_aranges
                0x00000000000002a8       0x28 ./system/src/diag/trace_impl.o
 .debug_aranges
                0x00000000000002d0       0x28 ./system/src/cortexm/_initialize_hardware.o
 .debug_aranges
                0x00000000000002f8       0x88 ./system/src/cortexm/exception_handlers.o
 .debug_aranges
                0x0000000000000380       0x28 ./system/src/cmsis/startup_stm32f103xb.o
 .debug_aranges
                0x00000000000003a8       0x28 ./system/src/cmsis/system_stm32f1xx.o
 .debug_aranges
                0x00000000000003d0       0x50 ./src/gpio_interface.o
 .debug_aranges
                0x0000000000000420       0x28 ./src/main.o
 .debug_aranges
                0x0000000000000448       0x20 ./src/stm32f1xx_hal_msp.o
 .debug_aranges
                0x0000000000000468       0x60 ./src/stm32f1xx_it.o

.debug_pubnames
 *(.debug_pubnames)

.debug_info     0x0000000000000000     0xa6f8
 *(.debug_info .gnu.linkonce.wi.*)
 .debug_info    0x0000000000000000      0xf85 ./system/src/stm32f1xx/stm32f1xx_hal.o
 .debug_info    0x0000000000000f85     0x1454 ./system/src/stm32f1xx/stm32f1xx_hal_cortex.o
 .debug_info    0x00000000000023d9      0xe5b ./system/src/stm32f1xx/stm32f1xx_hal_gpio.o
 .debug_info    0x0000000000003234      0x956 ./system/src/newlib/_exit.o
 .debug_info    0x0000000000003b8a      0x942 ./system/src/newlib/_sbrk.o
 .debug_info    0x00000000000044cc      0x42e ./system/src/newlib/_startup.o
 .debug_info    0x00000000000048fa      0xa19 ./system/src/newlib/_syscalls.o
 .debug_info    0x0000000000005313      0xb2a ./system/src/diag/Trace.o
 .debug_info    0x0000000000005e3d      0x1c1 ./system/src/diag/trace_impl.o
 .debug_info    0x0000000000005ffe      0x2fa ./system/src/cortexm/_initialize_hardware.o
 .debug_info    0x00000000000062f8     0x1063 ./system/src/cortexm/exception_handlers.o
 .debug_info    0x000000000000735b       0x22 ./system/src/cmsis/startup_stm32f103xb.o
 .debug_info    0x000000000000737d      0x3cb ./system/src/cmsis/system_stm32f1xx.o
 .debug_info    0x0000000000007748      0xb84 ./src/gpio_interface.o
 .debug_info    0x00000000000082cc      0xd9b ./src/main.o
 .debug_info    0x0000000000009067      0xcaf ./src/stm32f1xx_hal_msp.o
 .debug_info    0x0000000000009d16      0x9e2 ./src/stm32f1xx_it.o

.debug_abbrev   0x0000000000000000     0x2281
 *(.debug_abbrev)
 .debug_abbrev  0x0000000000000000      0x2f4 ./system/src/stm32f1xx/stm32f1xx_hal.o
 .debug_abbrev  0x00000000000002f4      0x3cd ./system/src/stm32f1xx/stm32f1xx_hal_cortex.o
 .debug_abbrev  0x00000000000006c1      0x2a7 ./system/src/stm32f1xx/stm32f1xx_hal_gpio.o
 .debug_abbrev  0x0000000000000968      0x1f3 ./system/src/newlib/_exit.o
 .debug_abbrev  0x0000000000000b5b      0x1fc ./system/src/newlib/_sbrk.o
 .debug_abbrev  0x0000000000000d57      0x1b3 ./system/src/newlib/_startup.o
 .debug_abbrev  0x0000000000000f0a      0x234 ./system/src/newlib/_syscalls.o
 .debug_abbrev  0x000000000000113e      0x276 ./system/src/diag/Trace.o
 .debug_abbrev  0x00000000000013b4       0xd7 ./system/src/diag/trace_impl.o
 .debug_abbrev  0x000000000000148b       0xea ./system/src/cortexm/_initialize_hardware.o
 .debug_abbrev  0x0000000000001575      0x2b4 ./system/src/cortexm/exception_handlers.o
 .debug_abbrev  0x0000000000001829       0x12 ./system/src/cmsis/startup_stm32f103xb.o
 .debug_abbrev  0x000000000000183b      0x134 ./system/src/cmsis/system_stm32f1xx.o
 .debug_abbrev  0x000000000000196f      0x27c ./src/gpio_interface.o
 .debug_abbrev  0x0000000000001beb      0x26a ./src/main.o
 .debug_abbrev  0x0000000000001e55      0x234 ./src/stm32f1xx_hal_msp.o
 .debug_abbrev  0x0000000000002089      0x1f8 ./src/stm32f1xx_it.o

.debug_line     0x0000000000000000     0x4634
 *(.debug_line)
 .debug_line    0x0000000000000000      0x6a9 ./system/src/stm32f1xx/stm32f1xx_hal.o
 .debug_line    0x00000000000006a9      0x6c1 ./system/src/stm32f1xx/stm32f1xx_hal_cortex.o
 .debug_line    0x0000000000000d6a      0x6a6 ./system/src/stm32f1xx/stm32f1xx_hal_gpio.o
 .debug_line    0x0000000000001410      0x30b ./system/src/newlib/_exit.o
 .debug_line    0x000000000000171b      0x2bf ./system/src/newlib/_sbrk.o
 .debug_line    0x00000000000019da      0x379 ./system/src/newlib/_startup.o
 .debug_line    0x0000000000001d53      0x3c4 ./system/src/newlib/_syscalls.o
 .debug_line    0x0000000000002117      0x387 ./system/src/diag/Trace.o
 .debug_line    0x000000000000249e      0x3bc ./system/src/diag/trace_impl.o
 .debug_line    0x000000000000285a      0x197 ./system/src/cortexm/_initialize_hardware.o
 .debug_line    0x00000000000029f1      0x4b7 ./system/src/cortexm/exception_handlers.o
 .debug_line    0x0000000000002ea8       0x86 ./system/src/cmsis/startup_stm32f103xb.o
 .debug_line    0x0000000000002f2e      0x1aa ./system/src/cmsis/system_stm32f1xx.o
 .debug_line    0x00000000000030d8      0x587 ./src/gpio_interface.o
 .debug_line    0x000000000000365f      0x52f ./src/main.o
 .debug_line    0x0000000000003b8e      0x4fc ./src/stm32f1xx_hal_msp.o
 .debug_line    0x000000000000408a      0x5aa ./src/stm32f1xx_it.o

.debug_frame    0x0000000000000000      0xbd8
 *(.debug_frame)
 .debug_frame   0x0000000000000000      0x1ac ./system/src/stm32f1xx/stm32f1xx_hal.o
 .debug_frame   0x00000000000001ac      0x12c ./system/src/stm32f1xx/stm32f1xx_hal_cortex.o
 .debug_frame   0x00000000000002d8       0xd4 ./system/src/stm32f1xx/stm32f1xx_hal_gpio.o
 .debug_frame   0x00000000000003ac       0x38 ./system/src/newlib/_exit.o
 .debug_frame   0x00000000000003e4       0x28 ./system/src/newlib/_sbrk.o
 .debug_frame   0x000000000000040c       0x7c ./system/src/newlib/_startup.o
 .debug_frame   0x0000000000000488       0x50 ./system/src/newlib/_syscalls.o
 .debug_frame   0x00000000000004d8       0x94 ./system/src/diag/Trace.o
 .debug_frame   0x000000000000056c       0x30 ./system/src/diag/trace_impl.o
 .debug_frame   0x000000000000059c       0x40 ./system/src/cortexm/_initialize_hardware.o
 .debug_frame   0x00000000000005dc      0x144 ./system/src/cortexm/exception_handlers.o
 .debug_frame   0x0000000000000720       0x30 ./system/src/cmsis/system_stm32f1xx.o
 .debug_frame   0x0000000000000750       0xa4 ./src/gpio_interface.o
 .debug_frame   0x00000000000007f4       0x48 ./src/main.o
 .debug_frame   0x000000000000083c       0x2c ./src/stm32f1xx_hal_msp.o
 .debug_frame   0x0000000000000868       0xa8 ./src/stm32f1xx_it.o
 .debug_frame   0x0000000000000910       0x20 /home/bichar4/STM32Toolchain/gcc-arm/bin/../lib/gcc/arm-none-eabi/7.2.1/../../../../arm-none-eabi/lib/thumb/v7e-m/libg_nano.a(lib_a-errno.o)
 .debug_frame   0x0000000000000930       0x28 /home/bichar4/STM32Toolchain/gcc-arm/bin/../lib/gcc/arm-none-eabi/7.2.1/../../../../arm-none-eabi/lib/thumb/v7e-m/libg_nano.a(lib_a-memcpy-stub.o)
 .debug_frame   0x0000000000000958       0x4c /home/bichar4/STM32Toolchain/gcc-arm/bin/../lib/gcc/arm-none-eabi/7.2.1/../../../../arm-none-eabi/lib/thumb/v7e-m/libg_nano.a(lib_a-vsnprintf.o)
 .debug_frame   0x00000000000009a4       0x90 /home/bichar4/STM32Toolchain/gcc-arm/bin/../lib/gcc/arm-none-eabi/7.2.1/../../../../arm-none-eabi/lib/thumb/v7e-m/libg_nano.a(lib_a-nano-svfprintf.o)
 .debug_frame   0x0000000000000a34       0x60 /home/bichar4/STM32Toolchain/gcc-arm/bin/../lib/gcc/arm-none-eabi/7.2.1/../../../../arm-none-eabi/lib/thumb/v7e-m/libg_nano.a(lib_a-nano-vfprintf_i.o)
 .debug_frame   0x0000000000000a94       0x28 /home/bichar4/STM32Toolchain/gcc-arm/bin/../lib/gcc/arm-none-eabi/7.2.1/../../../../arm-none-eabi/lib/thumb/v7e-m/libg_nano.a(lib_a-memmove.o)
 .debug_frame   0x0000000000000abc       0x38 /home/bichar4/STM32Toolchain/gcc-arm/bin/../lib/gcc/arm-none-eabi/7.2.1/../../../../arm-none-eabi/lib/thumb/v7e-m/libg_nano.a(lib_a-nano-freer.o)
 .debug_frame   0x0000000000000af4       0x2c /home/bichar4/STM32Toolchain/gcc-arm/bin/../lib/gcc/arm-none-eabi/7.2.1/../../../../arm-none-eabi/lib/thumb/v7e-m/libg_nano.a(lib_a-nano-mallocr.o)
 .debug_frame   0x0000000000000b20       0x3c /home/bichar4/STM32Toolchain/gcc-arm/bin/../lib/gcc/arm-none-eabi/7.2.1/../../../../arm-none-eabi/lib/thumb/v7e-m/libg_nano.a(lib_a-nano-reallocr.o)
 .debug_frame   0x0000000000000b5c       0x2c /home/bichar4/STM32Toolchain/gcc-arm/bin/../lib/gcc/arm-none-eabi/7.2.1/../../../../arm-none-eabi/lib/thumb/v7e-m/libg_nano.a(lib_a-sbrkr.o)
 .debug_frame   0x0000000000000b88       0x30 /home/bichar4/STM32Toolchain/gcc-arm/bin/../lib/gcc/arm-none-eabi/7.2.1/../../../../arm-none-eabi/lib/thumb/v7e-m/libg_nano.a(lib_a-mlock.o)
 .debug_frame   0x0000000000000bb8       0x20 /home/bichar4/STM32Toolchain/gcc-arm/bin/../lib/gcc/arm-none-eabi/7.2.1/../../../../arm-none-eabi/lib/thumb/v7e-m/libg_nano.a(lib_a-nano-msizer.o)

.debug_str      0x0000000000000000    0x6b12f
 *(.debug_str)
 .debug_str     0x0000000000000000    0x67b57 ./system/src/stm32f1xx/stm32f1xx_hal.o
                                      0x67f48 (size before relaxing)
 .debug_str     0x0000000000067b57      0x2df ./system/src/stm32f1xx/stm32f1xx_hal_cortex.o
                                      0x67e9d (size before relaxing)
 .debug_str     0x0000000000067e36      0x3a2 ./system/src/stm32f1xx/stm32f1xx_hal_gpio.o
                                      0x67bd9 (size before relaxing)
 .debug_str     0x00000000000681d8     0x10ff ./system/src/newlib/_exit.o
                                       0x7ea2 (size before relaxing)
 .debug_str     0x00000000000692d7      0x4f5 ./system/src/newlib/_sbrk.o
                                       0x7254 (size before relaxing)
 .debug_str     0x00000000000697cc      0x260 ./system/src/newlib/_startup.o
                                       0x698f (size before relaxing)
 .debug_str     0x0000000000069a2c      0xe8b ./system/src/newlib/_syscalls.o
                                       0x812f (size before relaxing)
 .debug_str     0x000000000006a8b7      0x183 ./system/src/diag/Trace.o
                                       0x861a (size before relaxing)
 .debug_str     0x000000000006aa3a       0x4b ./system/src/diag/trace_impl.o
                                      0x59504 (size before relaxing)
 .debug_str     0x000000000006aa85       0x5e ./system/src/cortexm/_initialize_hardware.o
                                      0x55615 (size before relaxing)
 .debug_str     0x000000000006aae3      0x1e5 ./system/src/cortexm/exception_handlers.o
                                      0x5a7c0 (size before relaxing)
 .debug_str     0x000000000006acc8       0x39 ./system/src/cmsis/startup_stm32f103xb.o
                                         0x85 (size before relaxing)
 .debug_str     0x000000000006ad01       0x7b ./system/src/cmsis/system_stm32f1xx.o
                                      0x5565b (size before relaxing)
 .debug_str     0x000000000006ad7c      0x345 ./src/gpio_interface.o
                                      0x67b28 (size before relaxing)
 .debug_str     0x000000000006b0c1       0x2b ./src/main.o
                                      0x67e2e (size before relaxing)
 .debug_str     0x000000000006b0ec       0x1b ./src/stm32f1xx_hal_msp.o
                                      0x67b31 (size before relaxing)
 .debug_str     0x000000000006b107       0x28 ./src/stm32f1xx_it.o
                                      0x67a83 (size before relaxing)

.debug_loc      0x0000000000000000     0x11cb
 *(.debug_loc)
 .debug_loc     0x0000000000000000       0xfd ./system/src/stm32f1xx/stm32f1xx_hal.o
 .debug_loc     0x00000000000000fd      0x5ad ./system/src/stm32f1xx/stm32f1xx_hal_cortex.o
 .debug_loc     0x00000000000006aa      0x44e ./system/src/stm32f1xx/stm32f1xx_hal_gpio.o
 .debug_loc     0x0000000000000af8       0x85 ./system/src/newlib/_sbrk.o
 .debug_loc     0x0000000000000b7d      0x1a9 ./system/src/newlib/_startup.o
 .debug_loc     0x0000000000000d26       0x63 ./system/src/newlib/_syscalls.o
 .debug_loc     0x0000000000000d89       0xf6 ./system/src/diag/Trace.o
 .debug_loc     0x0000000000000e7f       0x21 ./system/src/diag/trace_impl.o
 .debug_loc     0x0000000000000ea0      0x15a ./system/src/cortexm/exception_handlers.o
 .debug_loc     0x0000000000000ffa       0xdf ./system/src/cmsis/system_stm32f1xx.o
 .debug_loc     0x00000000000010d9       0xf2 ./src/gpio_interface.o

.debug_macinfo
 *(.debug_macinfo)

.debug_weaknames
 *(.debug_weaknames)

.debug_funcnames
 *(.debug_funcnames)

.debug_typenames
 *(.debug_typenames)

.debug_varnames
 *(.debug_varnames)
OUTPUT(stm32_bluepill.elf elf32-littlearm)

.debug_ranges   0x0000000000000000      0x468
 .debug_ranges  0x0000000000000000       0xc0 ./system/src/stm32f1xx/stm32f1xx_hal.o
 .debug_ranges  0x00000000000000c0       0xe0 ./system/src/stm32f1xx/stm32f1xx_hal_cortex.o
 .debug_ranges  0x00000000000001a0       0x48 ./system/src/stm32f1xx/stm32f1xx_hal_gpio.o
 .debug_ranges  0x00000000000001e8       0x18 ./system/src/newlib/_exit.o
 .debug_ranges  0x0000000000000200       0x10 ./system/src/newlib/_sbrk.o
 .debug_ranges  0x0000000000000210       0x78 ./system/src/newlib/_startup.o
 .debug_ranges  0x0000000000000288       0x20 ./system/src/newlib/_syscalls.o
 .debug_ranges  0x00000000000002a8       0x28 ./system/src/diag/Trace.o
 .debug_ranges  0x00000000000002d0       0x18 ./system/src/diag/trace_impl.o
 .debug_ranges  0x00000000000002e8       0x18 ./system/src/cortexm/_initialize_hardware.o
 .debug_ranges  0x0000000000000300       0x78 ./system/src/cortexm/exception_handlers.o
 .debug_ranges  0x0000000000000378       0x20 ./system/src/cmsis/startup_stm32f103xb.o
 .debug_ranges  0x0000000000000398       0x18 ./system/src/cmsis/system_stm32f1xx.o
 .debug_ranges  0x00000000000003b0       0x40 ./src/gpio_interface.o
 .debug_ranges  0x00000000000003f0       0x18 ./src/main.o
 .debug_ranges  0x0000000000000408       0x10 ./src/stm32f1xx_hal_msp.o
 .debug_ranges  0x0000000000000418       0x50 ./src/stm32f1xx_it.o

.debug_macro    0x0000000000000000    0x15678
 .debug_macro   0x0000000000000000      0x2df ./system/src/stm32f1xx/stm32f1xx_hal.o
 .debug_macro   0x00000000000002df      0xa54 ./system/src/stm32f1xx/stm32f1xx_hal.o
 .debug_macro   0x0000000000000d33       0x10 ./system/src/stm32f1xx/stm32f1xx_hal.o
 .debug_macro   0x0000000000000d43      0x157 ./system/src/stm32f1xx/stm32f1xx_hal.o
 .debug_macro   0x0000000000000e9a       0x2e ./system/src/stm32f1xx/stm32f1xx_hal.o
 .debug_macro   0x0000000000000ec8       0x22 ./system/src/stm32f1xx/stm32f1xx_hal.o
 .debug_macro   0x0000000000000eea      0x34e ./system/src/stm32f1xx/stm32f1xx_hal.o
 .debug_macro   0x0000000000001238       0x34 ./system/src/stm32f1xx/stm32f1xx_hal.o
 .debug_macro   0x000000000000126c       0x34 ./system/src/stm32f1xx/stm32f1xx_hal.o
 .debug_macro   0x00000000000012a0      0xb8e ./system/src/stm32f1xx/stm32f1xx_hal.o
 .debug_macro   0x0000000000001e2e     0xe90a ./system/src/stm32f1xx/stm32f1xx_hal.o
 .debug_macro   0x0000000000010738       0x43 ./system/src/stm32f1xx/stm32f1xx_hal.o
 .debug_macro   0x000000000001077b       0x22 ./system/src/stm32f1xx/stm32f1xx_hal.o
 .debug_macro   0x000000000001079d       0x52 ./system/src/stm32f1xx/stm32f1xx_hal.o
 .debug_macro   0x00000000000107ef       0x17 ./system/src/stm32f1xx/stm32f1xx_hal.o
 .debug_macro   0x0000000000010806       0x8d ./system/src/stm32f1xx/stm32f1xx_hal.o
 .debug_macro   0x0000000000010893       0x35 ./system/src/stm32f1xx/stm32f1xx_hal.o
 .debug_macro   0x00000000000108c8       0x9c ./system/src/stm32f1xx/stm32f1xx_hal.o
 .debug_macro   0x0000000000010964       0x16 ./system/src/stm32f1xx/stm32f1xx_hal.o
 .debug_macro   0x000000000001097a       0x57 ./system/src/stm32f1xx/stm32f1xx_hal.o
 .debug_macro   0x00000000000109d1       0x97 ./system/src/stm32f1xx/stm32f1xx_hal.o
 .debug_macro   0x0000000000010a68      0x330 ./system/src/stm32f1xx/stm32f1xx_hal.o
 .debug_macro   0x0000000000010d98       0xfd ./system/src/stm32f1xx/stm32f1xx_hal.o
 .debug_macro   0x0000000000010e95       0x10 ./system/src/stm32f1xx/stm32f1xx_hal.o
 .debug_macro   0x0000000000010ea5       0x58 ./system/src/stm32f1xx/stm32f1xx_hal.o
 .debug_macro   0x0000000000010efd       0x1f ./system/src/stm32f1xx/stm32f1xx_hal.o
 .debug_macro   0x0000000000010f1c       0x43 ./system/src/stm32f1xx/stm32f1xx_hal.o
 .debug_macro   0x0000000000010f5f       0x20 ./system/src/stm32f1xx/stm32f1xx_hal.o
 .debug_macro   0x0000000000010f7f      0x18e ./system/src/stm32f1xx/stm32f1xx_hal.o
 .debug_macro   0x000000000001110d       0x10 ./system/src/stm32f1xx/stm32f1xx_hal.o
 .debug_macro   0x000000000001111d       0x6a ./system/src/stm32f1xx/stm32f1xx_hal.o
 .debug_macro   0x0000000000011187       0x1c ./system/src/stm32f1xx/stm32f1xx_hal.o
 .debug_macro   0x00000000000111a3       0x52 ./system/src/stm32f1xx/stm32f1xx_hal.o
 .debug_macro   0x00000000000111f5       0x40 ./system/src/stm32f1xx/stm32f1xx_hal.o
 .debug_macro   0x0000000000011235       0x10 ./system/src/stm32f1xx/stm32f1xx_hal.o
 .debug_macro   0x0000000000011245       0x40 ./system/src/stm32f1xx/stm32f1xx_hal.o
 .debug_macro   0x0000000000011285       0xd7 ./system/src/stm32f1xx/stm32f1xx_hal.o
 .debug_macro   0x000000000001135c       0x1c ./system/src/stm32f1xx/stm32f1xx_hal.o
 .debug_macro   0x0000000000011378       0x3d ./system/src/stm32f1xx/stm32f1xx_hal.o
 .debug_macro   0x00000000000113b5       0x16 ./system/src/stm32f1xx/stm32f1xx_hal.o
 .debug_macro   0x00000000000113cb      0x16f ./system/src/stm32f1xx/stm32f1xx_hal.o
 .debug_macro   0x000000000001153a       0x57 ./system/src/stm32f1xx/stm32f1xx_hal.o
 .debug_macro   0x0000000000011591      0x5c2 ./system/src/stm32f1xx/stm32f1xx_hal.o
 .debug_macro   0x0000000000011b53      0x28a ./system/src/stm32f1xx/stm32f1xx_hal.o
 .debug_macro   0x0000000000011ddd      0x1cb ./system/src/stm32f1xx/stm32f1xx_hal.o
 .debug_macro   0x0000000000011fa8      0x11e ./system/src/stm32f1xx/stm32f1xx_hal.o
 .debug_macro   0x00000000000120c6      0x1b3 ./system/src/stm32f1xx/stm32f1xx_hal.o
 .debug_macro   0x0000000000012279       0x27 ./system/src/stm32f1xx/stm32f1xx_hal.o
 .debug_macro   0x00000000000122a0      0x1bc ./system/src/stm32f1xx/stm32f1xx_hal.o
 .debug_macro   0x000000000001245c       0x34 ./system/src/stm32f1xx/stm32f1xx_hal.o
 .debug_macro   0x0000000000012490       0x3c ./system/src/stm32f1xx/stm32f1xx_hal.o
 .debug_macro   0x00000000000124cc       0x57 ./system/src/stm32f1xx/stm32f1xx_hal.o
 .debug_macro   0x0000000000012523       0x8c ./system/src/stm32f1xx/stm32f1xx_hal.o
 .debug_macro   0x00000000000125af      0x242 ./system/src/stm32f1xx/stm32f1xx_hal.o
 .debug_macro   0x00000000000127f1      0x143 ./system/src/stm32f1xx/stm32f1xx_hal.o
 .debug_macro   0x0000000000012934       0x83 ./system/src/stm32f1xx/stm32f1xx_hal.o
 .debug_macro   0x00000000000129b7      0x2bb ./system/src/stm32f1xx/stm32f1xx_hal_cortex.o
 .debug_macro   0x0000000000012c72      0x32b ./system/src/stm32f1xx/stm32f1xx_hal_gpio.o
 .debug_macro   0x0000000000012f9d      0x1b4 ./system/src/newlib/_exit.o
 .debug_macro   0x0000000000013151      0x10e ./system/src/newlib/_exit.o
 .debug_macro   0x000000000001325f       0x8d ./system/src/newlib/_exit.o
 .debug_macro   0x00000000000132ec       0x35 ./system/src/newlib/_exit.o
 .debug_macro   0x0000000000013321      0x169 ./system/src/newlib/_sbrk.o
 .debug_macro   0x000000000001348a      0x174 ./system/src/newlib/_sbrk.o
 .debug_macro   0x00000000000135fe       0x10 ./system/src/newlib/_sbrk.o
 .debug_macro   0x000000000001360e      0x23b ./system/src/newlib/_sbrk.o
 .debug_macro   0x0000000000013849      0x173 ./system/src/newlib/_startup.o
 .debug_macro   0x00000000000139bc      0x217 ./system/src/newlib/_syscalls.o
 .debug_macro   0x0000000000013bd3       0x1c ./system/src/newlib/_syscalls.o
 .debug_macro   0x0000000000013bef       0x10 ./system/src/newlib/_syscalls.o
 .debug_macro   0x0000000000013bff       0x10 ./system/src/newlib/_syscalls.o
 .debug_macro   0x0000000000013c0f       0x10 ./system/src/newlib/_syscalls.o
 .debug_macro   0x0000000000013c1f       0x35 ./system/src/newlib/_syscalls.o
 .debug_macro   0x0000000000013c54      0x122 ./system/src/newlib/_syscalls.o
 .debug_macro   0x0000000000013d76       0x88 ./system/src/newlib/_syscalls.o
 .debug_macro   0x0000000000013dfe       0x2b ./system/src/newlib/_syscalls.o
 .debug_macro   0x0000000000013e29      0x118 ./system/src/newlib/_syscalls.o
 .debug_macro   0x0000000000013f41      0x189 ./system/src/newlib/_syscalls.o
 .debug_macro   0x00000000000140ca       0x16 ./system/src/newlib/_syscalls.o
 .debug_macro   0x00000000000140e0      0x1fb ./system/src/diag/Trace.o
 .debug_macro   0x00000000000142db       0x4c ./system/src/diag/Trace.o
 .debug_macro   0x0000000000014327       0x16 ./system/src/diag/Trace.o
 .debug_macro   0x000000000001433d      0x1e8 ./system/src/diag/trace_impl.o
 .debug_macro   0x0000000000014525       0x10 ./system/src/diag/trace_impl.o
 .debug_macro   0x0000000000014535       0xcf ./system/src/diag/trace_impl.o
 .debug_macro   0x0000000000014604       0xbe ./system/src/diag/trace_impl.o
 .debug_macro   0x00000000000146c2       0x8a ./system/src/cortexm/_initialize_hardware.o
 .debug_macro   0x000000000001474c      0x243 ./system/src/cortexm/exception_handlers.o
 .debug_macro   0x000000000001498f       0x3a ./system/src/cortexm/exception_handlers.o
 .debug_macro   0x00000000000149c9       0x22 ./system/src/cortexm/exception_handlers.o
 .debug_macro   0x00000000000149eb       0x10 ./system/src/cortexm/exception_handlers.o
 .debug_macro   0x00000000000149fb       0x92 ./system/src/cmsis/system_stm32f1xx.o
 .debug_macro   0x0000000000014a8d      0x2d2 ./src/gpio_interface.o
 .debug_macro   0x0000000000014d5f       0x52 ./src/gpio_interface.o
 .debug_macro   0x0000000000014db1      0x2d2 ./src/main.o
 .debug_macro   0x0000000000015083       0x58 ./src/main.o
 .debug_macro   0x00000000000150db      0x2bb ./src/stm32f1xx_hal_msp.o
 .debug_macro   0x0000000000015396      0x2e2 ./src/stm32f1xx_it.o
